Archive member included to satisfy reference by file (symbol)

C:/Program Files/SEGGER/SEGGER Embedded Studio for ARM 5.20a/lib/libc_v7em_fpv4_sp_d16_hard_t_le_eabi.a(libc_asm.o)
                              Output/Debug/Obj/pwm_audio_pca10056/bsp.o (__aeabi_uldivmod)
C:/Program Files/SEGGER/SEGGER Embedded Studio for ARM 5.20a/lib/libc_v7em_fpv4_sp_d16_hard_t_le_eabi.a(libc2.o)
                              Output/Debug/Obj/pwm_audio_pca10056/SEGGER_RTT_Syscalls_SES.o (vsnprintf)
C:/Program Files/SEGGER/SEGGER Embedded Studio for ARM 5.20a/lib/libc_v7em_fpv4_sp_d16_hard_t_le_eabi.a(libc2_asm.o)
                              Output/Debug/Obj/pwm_audio_pca10056/SEGGER_RTT.o (memcpy)
C:/Program Files/SEGGER/SEGGER Embedded Studio for ARM 5.20a/lib/libc_v7em_fpv4_sp_d16_hard_t_le_eabi.a(libvfprintf.o)
                              (__vfprintf_long)
C:/Program Files/SEGGER/SEGGER Embedded Studio for ARM 5.20a/lib/libc_v7em_fpv4_sp_d16_hard_t_le_eabi.a(libvfscanf.o)
                              (__vfscanf_long)
C:/Program Files/SEGGER/SEGGER Embedded Studio for ARM 5.20a/lib/libc_v7em_fpv4_sp_d16_hard_t_le_eabi.a(libc.o)
                              C:/Program Files/SEGGER/SEGGER Embedded Studio for ARM 5.20a/lib/libc_v7em_fpv4_sp_d16_hard_t_le_eabi.a(libc2.o) (__heap_lock)
C:/Program Files/SEGGER/SEGGER Embedded Studio for ARM 5.20a/lib/libdebugio_v7em_fpv4_sp_d16_hard_t_le_eabi.a(libdebugio.o)
                              Output/Debug/Obj/pwm_audio_pca10056/thumb_crt0.o (debug_fopen)
C:/Program Files/SEGGER/SEGGER Embedded Studio for ARM 5.20a/lib/libdebugio_v7em_fpv4_sp_d16_hard_t_le_eabi.a(do_nv_debug_operation.o)
                              C:/Program Files/SEGGER/SEGGER Embedded Studio for ARM 5.20a/lib/libdebugio_v7em_fpv4_sp_d16_hard_t_le_eabi.a(libdebugio.o) (__do_nvdebug_operation)
C:/Program Files/SEGGER/SEGGER Embedded Studio for ARM 5.20a/lib/libdebugio_v7em_fpv4_sp_d16_hard_t_le_eabi.a(mempoll_debug_operations.o)
                              (__do_debug_operation_mempoll)
C:/Program Files/SEGGER/SEGGER Embedded Studio for ARM 5.20a/lib/libm_v7em_fpv4_sp_d16_hard_t_le_eabi.a(libm_asm.o)
                              C:/Program Files/SEGGER/SEGGER Embedded Studio for ARM 5.20a/lib/libc_v7em_fpv4_sp_d16_hard_t_le_eabi.a(libc2.o) (__aeabi_dadd)
C:/Program Files/SEGGER/SEGGER Embedded Studio for ARM 5.20a/lib/libm_v7em_fpv4_sp_d16_hard_t_le_eabi.a(libm2.o)
                              C:/Program Files/SEGGER/SEGGER Embedded Studio for ARM 5.20a/lib/libc_v7em_fpv4_sp_d16_hard_t_le_eabi.a(libvfprintf.o) (frexp)

Discarded input sections

 .group         0x0000000000000000        0xc Output/Debug/Obj/pwm_audio_pca10056/main.o
 .group         0x0000000000000000        0xc Output/Debug/Obj/pwm_audio_pca10056/main.o
 .group         0x0000000000000000        0xc Output/Debug/Obj/pwm_audio_pca10056/main.o
 .group         0x0000000000000000        0xc Output/Debug/Obj/pwm_audio_pca10056/main.o
 .group         0x0000000000000000        0xc Output/Debug/Obj/pwm_audio_pca10056/main.o
 .group         0x0000000000000000        0xc Output/Debug/Obj/pwm_audio_pca10056/main.o
 .group         0x0000000000000000        0xc Output/Debug/Obj/pwm_audio_pca10056/main.o
 .group         0x0000000000000000        0xc Output/Debug/Obj/pwm_audio_pca10056/main.o
 .group         0x0000000000000000        0xc Output/Debug/Obj/pwm_audio_pca10056/main.o
 .group         0x0000000000000000        0xc Output/Debug/Obj/pwm_audio_pca10056/main.o
 .group         0x0000000000000000        0xc Output/Debug/Obj/pwm_audio_pca10056/main.o
 .group         0x0000000000000000        0xc Output/Debug/Obj/pwm_audio_pca10056/main.o
 .group         0x0000000000000000        0xc Output/Debug/Obj/pwm_audio_pca10056/main.o
 .group         0x0000000000000000        0xc Output/Debug/Obj/pwm_audio_pca10056/main.o
 .group         0x0000000000000000        0xc Output/Debug/Obj/pwm_audio_pca10056/main.o
 .group         0x0000000000000000        0xc Output/Debug/Obj/pwm_audio_pca10056/main.o
 .group         0x0000000000000000        0xc Output/Debug/Obj/pwm_audio_pca10056/main.o
 .group         0x0000000000000000        0xc Output/Debug/Obj/pwm_audio_pca10056/main.o
 .group         0x0000000000000000        0xc Output/Debug/Obj/pwm_audio_pca10056/main.o
 .group         0x0000000000000000        0xc Output/Debug/Obj/pwm_audio_pca10056/main.o
 .group         0x0000000000000000        0xc Output/Debug/Obj/pwm_audio_pca10056/main.o
 .group         0x0000000000000000        0xc Output/Debug/Obj/pwm_audio_pca10056/main.o
 .group         0x0000000000000000        0xc Output/Debug/Obj/pwm_audio_pca10056/main.o
 .group         0x0000000000000000        0xc Output/Debug/Obj/pwm_audio_pca10056/main.o
 .group         0x0000000000000000        0xc Output/Debug/Obj/pwm_audio_pca10056/main.o
 .group         0x0000000000000000        0xc Output/Debug/Obj/pwm_audio_pca10056/main.o
 .group         0x0000000000000000        0xc Output/Debug/Obj/pwm_audio_pca10056/main.o
[...]
Memory Configuration

Name             Origin             Length             Attributes
UNPLACED_SECTIONS 0x0000000100000000 0x0000000000000000 xw
RAM              0x0000000020000000 0x0000000000040000 xw
FLASH            0x0000000000000000 0x0000000000100000 xw
*default*        0x0000000000000000 0xffffffffffffffff

Linker script and memory map

                0x0000000000000000                __do_debug_operation = __do_debug_operation_mempoll
                0x0000000000000000                __vfprintf = __vfprintf_long
                0x0000000000000000                __vfscanf = __vfscanf_long
                0x0000000020000000                __RAM_segment_start__ = 0x20000000
                0x0000000020040000                __RAM_segment_end__ = 0x20040000
                0x0000000000040000                __RAM_segment_size__ = 0x40000
                0x0000000000000000                __FLASH_segment_start__ = 0x0
                0x0000000000100000                __FLASH_segment_end__ = 0x100000
                0x0000000000100000                __FLASH_segment_size__ = 0x100000
                0x0000000000002000                __HEAPSIZE__ = 0x2000
                0x0000000000000000                __STACKSIZE_PROCESS__ = 0x0
                0x0000000000002000                __STACKSIZE__ = 0x2000
                0x0000000020000000                __vectors_ram_load_start__ = 0x20000000

.vectors_ram    0x0000000020000000        0x0
                0x0000000020000000                __vectors_ram_start__ = .
                0x0000000020000000                __app_ram_start__ = __vectors_ram_start__
 *(.vectors_ram .vectors_ram.*)
                0x0000000020000000                __vectors_ram_end__ = (__vectors_ram_start__ + SIZEOF (.vectors_ram))
                0x0000000000000000                __vectors_ram_size__ = SIZEOF (.vectors_ram)
                0x0000000020000000                __vectors_ram_load_end__ = __vectors_ram_end__
                0x0000000000000001                . = ASSERT (((__vectors_ram_start__ == __vectors_ram_end__) || ((__vectors_ram_end__ - __RAM_segment_start__) <= __RAM_segment_size__)), error: .vectors_ram is too large to fit in RAM memory segment)
                0x0000000020000000                __nrf_sections_run_load_start__ = ALIGN (__vectors_ram_end__, 0x4)

.nrf_sections_run
                0x0000000020000000        0x0
                0x0000000020000000                __nrf_sections_run_start__ = .
                0x0000000020000000                __start_nrf_sections_run = __nrf_sections_run_start__
 *(.nrf_sections_run .nrf_sections_run.*)
                0x0000000020000000                __nrf_sections_run_end__ = (__nrf_sections_run_start__ + SIZEOF (.nrf_sections_run))
                0x0000000000000000                __nrf_sections_run_size__ = SIZEOF (.nrf_sections_run)
                0x0000000020000000                __nrf_sections_run_load_end__ = __nrf_sections_run_end__
                0x0000000000000001                . = ASSERT (((__nrf_sections_run_start__ == __nrf_sections_run_end__) || ((__nrf_sections_run_end__ - __RAM_segment_start__) <= __RAM_segment_size__)), error: .nrf_sections_run is too large to fit in RAM memory segment)
                0x0000000000000000                __vectors_load_start__ = 0x0

.vectors        0x0000000000000000      0x200
                0x0000000000000000                __vectors_start__ = .
 *(.vectors .vectors.*)
 .vectors       0x0000000000000000      0x200 Output/Debug/Obj/pwm_audio_pca10056/ses_startup_nrf52840.o
                0x0000000000000000                _vectors
                0x0000000000000200                __vectors_end__ = (__vectors_start__ + SIZEOF (.vectors))
                0x0000000000000200                __vectors_size__ = SIZEOF (.vectors)
                0x0000000000000200                __vectors_load_end__ = __vectors_end__
                0x0000000000000001                . = ASSERT (((__vectors_start__ == __vectors_end__) || ((__vectors_end__ - __FLASH_segment_start__) <= __FLASH_segment_size__)), error: .vectors is too large to fit in FLASH memory segment)
                0x0000000000000200                __init_load_start__ = ALIGN (__vectors_end__, 0x4)

.init           0x0000000000000200      0x1d4
                0x0000000000000200                __init_start__ = .
 *(.init .init.*)
 .init          0x0000000000000200       0x18 Output/Debug/Obj/pwm_audio_pca10056/ses_startup_nrf52840.o
                0x0000000000000200                NMI_Handler
                0x0000000000000202                HardFault_Handler
                0x0000000000000204                MemoryManagement_Handler
                0x0000000000000206                BusFault_Handler
                0x0000000000000208                UsageFault_Handler
                0x000000000000020a                SVC_Handler
                0x000000000000020c                DebugMon_Handler
                0x000000000000020e                PendSV_Handler
                0x0000000000000210                SysTick_Handler
                0x0000000000000212                PDM_IRQHandler
                0x0000000000000212                TEMP_IRQHandler
                0x0000000000000212                QDEC_IRQHandler
                0x0000000000000212                RADIO_IRQHandler
                0x0000000000000212                RTC0_IRQHandler
                0x0000000000000212                PWM3_IRQHandler
                0x0000000000000212                FPU_IRQHandler
                0x0000000000000212                USBD_IRQHandler
                0x0000000000000212                SPIM0_SPIS0_TWIM0_TWIS0_SPI0_TWI0_IRQHandler
                0x0000000000000212                SWI2_EGU2_IRQHandler
                0x0000000000000212                UARTE0_UART0_IRQHandler
                0x0000000000000212                TIMER4_IRQHandler
                0x0000000000000212                TIMER3_IRQHandler
                0x0000000000000212                I2S_IRQHandler
                0x0000000000000212                SWI4_EGU4_IRQHandler
                0x0000000000000212                TIMER0_IRQHandler
                0x0000000000000212                UARTE1_IRQHandler
                0x0000000000000212                Dummy_Handler
                0x0000000000000212                TIMER1_IRQHandler
                0x0000000000000212                SPIM3_IRQHandler
                0x0000000000000212                ECB_IRQHandler
                0x0000000000000212                SPIM1_SPIS1_TWIM1_TWIS1_SPI1_TWI1_IRQHandler
                0x0000000000000212                SAADC_IRQHandler
                0x0000000000000212                CCM_AAR_IRQHandler
                0x0000000000000212                WDT_IRQHandler
                0x0000000000000212                QSPI_IRQHandler
                0x0000000000000212                SWI5_EGU5_IRQHandler
                0x0000000000000212                RNG_IRQHandler
                0x0000000000000212                RTC2_IRQHandler
                0x0000000000000212                SWI3_EGU3_IRQHandler
                0x0000000000000212                SWI1_EGU1_IRQHandler
                0x0000000000000212                SPIM2_SPIS2_SPI2_IRQHandler
                0x0000000000000212                NFCT_IRQHandler
                0x0000000000000212                CRYPTOCELL_IRQHandler
                0x0000000000000212                MWU_IRQHandler
                0x0000000000000212                TIMER2_IRQHandler
                0x0000000000000212                COMP_LPCOMP_IRQHandler
                0x0000000000000214                nRFInitialize
 .init          0x0000000000000218       0x60 Output/Debug/Obj/pwm_audio_pca10056/ses_startup_nrf_common.o
                0x0000000000000218                Reset_Handler
                0x0000000000000240                InitializeUserMemorySections
 .init          0x0000000000000278      0x15c Output/Debug/Obj/pwm_audio_pca10056/thumb_crt0.o
                0x0000000000000278                _start
                0x000000000000032c                exit
                0x00000000000003d4                __init_end__ = (__init_start__ + SIZEOF (.init))
                0x00000000000001d4                __init_size__ = SIZEOF (.init)
                0x00000000000003d4                __init_load_end__ = __init_end__
                0x0000000000000001                . = ASSERT (((__init_start__ == __init_end__) || ((__init_end__ - __FLASH_segment_start__) <= __FLASH_segment_size__)), error: .init is too large to fit in FLASH memory segment)
                0x00000000000003d4                __init_rodata_load_start__ = ALIGN (__init_end__, 0x4)

.init_rodata    0x00000000000003d4        0x0
                0x00000000000003d4                __init_rodata_start__ = .
 *(.init_rodata .init_rodata.*)
                0x00000000000003d4                __init_rodata_end__ = (__init_rodata_start__ + SIZEOF (.init_rodata))
                0x0000000000000000                __init_rodata_size__ = SIZEOF (.init_rodata)
                0x00000000000003d4                __init_rodata_load_end__ = __init_rodata_end__
                0x0000000000000001                . = ASSERT (((__init_rodata_start__ == __init_rodata_end__) || ((__init_rodata_end__ - __FLASH_segment_start__) <= __FLASH_segment_size__)), error: .init_rodata is too large to fit in FLASH memory segment)
                0x00000000000003d4                __text_load_start__ = ALIGN (__init_rodata_end__, 0x4)

.text           0x00000000000003d4     0x479c
                0x00000000000003d4                __text_start__ = .
 *(.text .text.* .glue_7t .glue_7 .gnu.linkonce.t.* .gcc_except_table .ARM.extab* .gnu.linkonce.armextab.*)
 .glue_7        0x00000000000003d4        0x0 linker stubs
 .glue_7t       0x00000000000003d4        0x0 linker stubs
 .text.bsp_evt_handler
                0x00000000000003d4       0x98 Output/Debug/Obj/pwm_audio_pca10056/main.o
 .text.main     0x000000000000046c       0x84 Output/Debug/Obj/pwm_audio_pca10056/main.o
                0x000000000000046c                main
 .text.nrf_gpio_pin_port_decode
                0x00000000000004f0       0x44 Output/Debug/Obj/pwm_audio_pca10056/nrf_pwm_audio.o
 .text.nrf_gpio_cfg
                0x0000000000000534       0x62 Output/Debug/Obj/pwm_audio_pca10056/nrf_pwm_audio.o
 *fill*         0x0000000000000596        0x2 
 .text.pcm_to_pwm
                0x0000000000000598      0x13c Output/Debug/Obj/pwm_audio_pca10056/nrf_pwm_audio.o
 .text.pwm_handler
                0x00000000000006d4      0x140 Output/Debug/Obj/pwm_audio_pca10056/nrf_pwm_audio.o
 .text.clear_buffers
                0x0000000000000814       0x48 Output/Debug/Obj/pwm_audio_pca10056/nrf_pwm_audio.o
 .text.nrf_pwm_audio_init
                0x000000000000085c       0xfc Output/Debug/Obj/pwm_audio_pca10056/nrf_pwm_audio.o
                0x000000000000085c                nrf_pwm_audio_init
 .text.nrf_pwm_audio_destroy
                0x0000000000000958       0x30 Output/Debug/Obj/pwm_audio_pca10056/nrf_pwm_audio.o
                0x0000000000000958                nrf_pwm_audio_destroy
 .text.nrf_pwm_audio_playback
                0x0000000000000988       0xac Output/Debug/Obj/pwm_audio_pca10056/nrf_pwm_audio.o
                0x0000000000000988                nrf_pwm_audio_playback
 .text.nrf_pwm_audio_stop
                0x0000000000000a34       0x30 Output/Debug/Obj/pwm_audio_pca10056/nrf_pwm_audio.o
                0x0000000000000a34                nrf_pwm_audio_stop
 .text.nrf_pwm_audio_is_playing
                0x0000000000000a64       0x24 Output/Debug/Obj/pwm_audio_pca10056/nrf_pwm_audio.o
                0x0000000000000a64                nrf_pwm_audio_is_playing
 .text.nrf_gpio_pin_port_decode
                0x0000000000000a88       0x44 Output/Debug/Obj/pwm_audio_pca10056/boards.o
 .text.nrf_gpio_cfg
                0x0000000000000acc       0x62 Output/Debug/Obj/pwm_audio_pca10056/boards.o
 .text.nrf_gpio_cfg_output
                0x0000000000000b2e       0x22 Output/Debug/Obj/pwm_audio_pca10056/boards.o
 .text.nrf_gpio_cfg_input
                0x0000000000000b50       0x2a Output/Debug/Obj/pwm_audio_pca10056/boards.o
 .text.nrf_gpio_pin_set
                0x0000000000000b7a       0x28 Output/Debug/Obj/pwm_audio_pca10056/boards.o
 .text.nrf_gpio_pin_clear
                0x0000000000000ba2       0x28 Output/Debug/Obj/pwm_audio_pca10056/boards.o
 .text.nrf_gpio_pin_toggle
                0x0000000000000bca       0x44 Output/Debug/Obj/pwm_audio_pca10056/boards.o
 .text.nrf_gpio_pin_write
                0x0000000000000c0e       0x24 Output/Debug/Obj/pwm_audio_pca10056/boards.o
 .text.nrf_gpio_pin_out_read
                0x0000000000000c32       0x2a Output/Debug/Obj/pwm_audio_pca10056/boards.o
 .text.nrf_gpio_port_out_read
                0x0000000000000c5c       0x10 Output/Debug/Obj/pwm_audio_pca10056/boards.o
 .text.nrf_gpio_port_out_set
                0x0000000000000c6c       0x14 Output/Debug/Obj/pwm_audio_pca10056/boards.o
 .text.nrf_gpio_port_out_clear
                0x0000000000000c80       0x14 Output/Debug/Obj/pwm_audio_pca10056/boards.o
 .text.bsp_board_led_state_get
                0x0000000000000c94       0x5c Output/Debug/Obj/pwm_audio_pca10056/boards.o
                0x0000000000000c94                bsp_board_led_state_get
 .text.bsp_board_led_on
                0x0000000000000cf0       0x34 Output/Debug/Obj/pwm_audio_pca10056/boards.o
                0x0000000000000cf0                bsp_board_led_on
 .text.bsp_board_led_off
                0x0000000000000d24       0x34 Output/Debug/Obj/pwm_audio_pca10056/boards.o
                0x0000000000000d24                bsp_board_led_off
 .text.bsp_board_leds_off
                0x0000000000000d58       0x26 Output/Debug/Obj/pwm_audio_pca10056/boards.o
                0x0000000000000d58                bsp_board_leds_off
 .text.bsp_board_leds_on
                0x0000000000000d7e       0x26 Output/Debug/Obj/pwm_audio_pca10056/boards.o
                0x0000000000000d7e                bsp_board_leds_on
 .text.bsp_board_led_invert
                0x0000000000000da4       0x34 Output/Debug/Obj/pwm_audio_pca10056/boards.o
                0x0000000000000da4                bsp_board_led_invert
 .text.bsp_board_leds_init
                0x0000000000000dd8       0x34 Output/Debug/Obj/pwm_audio_pca10056/boards.o
 .text.bsp_board_buttons_init
                0x0000000000000e0c       0x34 Output/Debug/Obj/pwm_audio_pca10056/boards.o
 .text.bsp_board_pin_to_button_idx
                0x0000000000000e40       0x40 Output/Debug/Obj/pwm_audio_pca10056/boards.o
                0x0000000000000e40                bsp_board_pin_to_button_idx
 .text.bsp_board_init
                0x0000000000000e80       0x2a Output/Debug/Obj/pwm_audio_pca10056/boards.o
                0x0000000000000e80                bsp_board_init
 *fill*         0x0000000000000eaa        0x2 
 .text.bsp_button_event_handler
                0x0000000000000eac      0x130 Output/Debug/Obj/pwm_audio_pca10056/bsp.o
 .text.button_timer_handler
                0x0000000000000fdc       0x1a Output/Debug/Obj/pwm_audio_pca10056/bsp.o
 *fill*         0x0000000000000ff6        0x2 
 .text.leds_off
                0x0000000000000ff8       0x3c Output/Debug/Obj/pwm_audio_pca10056/bsp.o
 .text.bsp_led_indication
                0x0000000000001034      0x4a4 Output/Debug/Obj/pwm_audio_pca10056/bsp.o
 .text.leds_timer_handler
                0x00000000000014d8       0x2c Output/Debug/Obj/pwm_audio_pca10056/bsp.o
 .text.alert_timer_handler
                0x0000000000001504       0x14 Output/Debug/Obj/pwm_audio_pca10056/bsp.o
 .text.bsp_init
                0x0000000000001518       0xdc Output/Debug/Obj/pwm_audio_pca10056/bsp.o
                0x0000000000001518                bsp_init
 .text.bsp_event_to_button_action_assign
                0x00000000000015f4       0xa4 Output/Debug/Obj/pwm_audio_pca10056/bsp.o
                0x00000000000015f4                bsp_event_to_button_action_assign
 .text.bsp_buttons_enable
                0x0000000000001698        0xc Output/Debug/Obj/pwm_audio_pca10056/bsp.o
                0x0000000000001698                bsp_buttons_enable
 .text.nrf_drv_clock_init
                0x00000000000016a4       0x54 Output/Debug/Obj/pwm_audio_pca10056/nrf_drv_clock.o
                0x00000000000016a4                nrf_drv_clock_init
 .text.item_enqueue
                0x00000000000016f8       0x38 Output/Debug/Obj/pwm_audio_pca10056/nrf_drv_clock.o
 .text.item_dequeue
                0x0000000000001730       0x20 Output/Debug/Obj/pwm_audio_pca10056/nrf_drv_clock.o
 .text.nrf_drv_clock_lfclk_request
                0x0000000000001750       0x9c Output/Debug/Obj/pwm_audio_pca10056/nrf_drv_clock.o
                0x0000000000001750                nrf_drv_clock_lfclk_request
 .text.clock_clk_started_notify
                0x00000000000017ec       0x4c Output/Debug/Obj/pwm_audio_pca10056/nrf_drv_clock.o
 .text.clock_irq_handler
                0x0000000000001838       0x40 Output/Debug/Obj/pwm_audio_pca10056/nrf_drv_clock.o
 .text.NVIC_EnableIRQ
                0x0000000000001878       0x2c Output/Debug/Obj/pwm_audio_pca10056/nrfx_clock.o
 .text.NVIC_SetPriority
                0x00000000000018a4       0x50 Output/Debug/Obj/pwm_audio_pca10056/nrfx_clock.o
 .text.nrfx_get_irq_number
                0x00000000000018f4       0x10 Output/Debug/Obj/pwm_audio_pca10056/nrfx_clock.o
 .text._NRFX_IRQ_PRIORITY_SET
                0x0000000000001904       0x40 Output/Debug/Obj/pwm_audio_pca10056/nrfx_clock.o
 .text._NRFX_IRQ_ENABLE
                0x0000000000001944       0x1c Output/Debug/Obj/pwm_audio_pca10056/nrfx_clock.o
 .text._NRFX_IRQ_IS_ENABLED
                0x0000000000001960       0x4c Output/Debug/Obj/pwm_audio_pca10056/nrfx_clock.o
 .text.nrf_clock_int_enable
                0x00000000000019ac       0x14 Output/Debug/Obj/pwm_audio_pca10056/nrfx_clock.o
 .text.nrf_clock_int_disable
                0x00000000000019c0       0x14 Output/Debug/Obj/pwm_audio_pca10056/nrfx_clock.o
 .text.nrf_clock_task_trigger
                0x00000000000019d4       0x1a Output/Debug/Obj/pwm_audio_pca10056/nrfx_clock.o
 .text.nrf_clock_event_clear
                0x00000000000019ee       0x28 Output/Debug/Obj/pwm_audio_pca10056/nrfx_clock.o
 .text.nrf_clock_event_check
                0x0000000000001a16       0x22 Output/Debug/Obj/pwm_audio_pca10056/nrfx_clock.o
 .text.nrf_clock_lf_src_set
                0x0000000000001a38       0x14 Output/Debug/Obj/pwm_audio_pca10056/nrfx_clock.o
 .text.nrfx_power_clock_irq_init
                0x0000000000001a4c       0x56 Output/Debug/Obj/pwm_audio_pca10056/nrfx_clock.o
 *fill*         0x0000000000001aa2        0x2 
 .text.nrfx_clock_init
                0x0000000000001aa4       0x4c Output/Debug/Obj/pwm_audio_pca10056/nrfx_clock.o
                0x0000000000001aa4                nrfx_clock_init
 .text.nrfx_clock_enable
                0x0000000000001af0       0x28 Output/Debug/Obj/pwm_audio_pca10056/nrfx_clock.o
                0x0000000000001af0                nrfx_clock_enable
 .text.nrfx_clock_lfclk_start
                0x0000000000001b18       0x34 Output/Debug/Obj/pwm_audio_pca10056/nrfx_clock.o
                0x0000000000001b18                nrfx_clock_lfclk_start
 .text.POWER_CLOCK_IRQHandler
                0x0000000000001b4c       0x68 Output/Debug/Obj/pwm_audio_pca10056/nrfx_clock.o
                0x0000000000001b4c                POWER_CLOCK_IRQHandler
 .text.NVIC_EnableIRQ
                0x0000000000001bb4       0x2c Output/Debug/Obj/pwm_audio_pca10056/nrfx_gpiote.o
 .text.NVIC_SetPriority
                0x0000000000001be0       0x50 Output/Debug/Obj/pwm_audio_pca10056/nrfx_gpiote.o
 .text._NRFX_IRQ_PRIORITY_SET
                0x0000000000001c30       0x40 Output/Debug/Obj/pwm_audio_pca10056/nrfx_gpiote.o
 .text._NRFX_IRQ_ENABLE
                0x0000000000001c70       0x1c Output/Debug/Obj/pwm_audio_pca10056/nrfx_gpiote.o
 .text.nrf_gpiote_event_is_set
                0x0000000000001c8c       0x2a Output/Debug/Obj/pwm_audio_pca10056/nrfx_gpiote.o
 .text.nrf_gpiote_event_clear
                0x0000000000001cb6       0x36 Output/Debug/Obj/pwm_audio_pca10056/nrfx_gpiote.o
 .text.nrf_gpiote_event_addr_get
                0x0000000000001cec       0x1a Output/Debug/Obj/pwm_audio_pca10056/nrfx_gpiote.o
 *fill*         0x0000000000001d06        0x2 
 .text.nrf_gpiote_int_enable
                0x0000000000001d08       0x18 Output/Debug/Obj/pwm_audio_pca10056/nrfx_gpiote.o
 .text.nrf_gpiote_int_is_enabled
                0x0000000000001d20       0x18 Output/Debug/Obj/pwm_audio_pca10056/nrfx_gpiote.o
 .text.nrf_gpiote_event_enable
                0x0000000000001d38       0x2c Output/Debug/Obj/pwm_audio_pca10056/nrfx_gpiote.o
 .text.nrf_gpiote_event_configure
                0x0000000000001d64       0x64 Output/Debug/Obj/pwm_audio_pca10056/nrfx_gpiote.o
 .text.nrf_gpiote_event_pin_get
                0x0000000000001dc8       0x20 Output/Debug/Obj/pwm_audio_pca10056/nrfx_gpiote.o
 .text.nrf_gpiote_event_polarity_get
                0x0000000000001de8       0x24 Output/Debug/Obj/pwm_audio_pca10056/nrfx_gpiote.o
 .text.nrf_gpio_pin_port_decode
                0x0000000000001e0c       0x44 Output/Debug/Obj/pwm_audio_pca10056/nrfx_gpiote.o
 .text.nrf_gpio_cfg
                0x0000000000001e50       0x62 Output/Debug/Obj/pwm_audio_pca10056/nrfx_gpiote.o
 .text.nrf_gpio_cfg_input
                0x0000000000001eb2       0x2a Output/Debug/Obj/pwm_audio_pca10056/nrfx_gpiote.o
 .text.nrf_gpio_cfg_watcher
                0x0000000000001edc       0x38 Output/Debug/Obj/pwm_audio_pca10056/nrfx_gpiote.o
 .text.nrf_gpio_cfg_sense_set
                0x0000000000001f14       0x5c Output/Debug/Obj/pwm_audio_pca10056/nrfx_gpiote.o
 .text.nrf_gpio_pin_read
                0x0000000000001f70       0x2a Output/Debug/Obj/pwm_audio_pca10056/nrfx_gpiote.o
 .text.nrf_gpio_pin_sense_get
                0x0000000000001f9a       0x2c Output/Debug/Obj/pwm_audio_pca10056/nrfx_gpiote.o
 .text.nrf_gpio_port_in_read
                0x0000000000001fc6       0x10 Output/Debug/Obj/pwm_audio_pca10056/nrfx_gpiote.o
 *fill*         0x0000000000001fd6        0x2 
 .text.nrf_gpio_ports_read
                0x0000000000001fd8       0x74 Output/Debug/Obj/pwm_audio_pca10056/nrfx_gpiote.o
 .text.nrf_bitmask_bit_is_set
                0x000000000000204c       0x30 Output/Debug/Obj/pwm_audio_pca10056/nrfx_gpiote.o
 .text.nrf_bitmask_bit_set
                0x000000000000207c       0x40 Output/Debug/Obj/pwm_audio_pca10056/nrfx_gpiote.o
 .text.pin_in_use_by_te
                0x00000000000020bc       0x3c Output/Debug/Obj/pwm_audio_pca10056/nrfx_gpiote.o
 .text.pin_in_use_by_port
                0x00000000000020f8       0x24 Output/Debug/Obj/pwm_audio_pca10056/nrfx_gpiote.o
 .text.pin_in_use_by_gpiote
                0x000000000000211c       0x24 Output/Debug/Obj/pwm_audio_pca10056/nrfx_gpiote.o
 .text.pin_in_use_by_te_set
                0x0000000000002140       0x50 Output/Debug/Obj/pwm_audio_pca10056/nrfx_gpiote.o
 .text.pin_in_use_clear
                0x0000000000002190       0x1c Output/Debug/Obj/pwm_audio_pca10056/nrfx_gpiote.o
 .text.pin_configured_set
                0x00000000000021ac       0x1c Output/Debug/Obj/pwm_audio_pca10056/nrfx_gpiote.o
 .text.channel_port_get
                0x00000000000021c8       0x1c Output/Debug/Obj/pwm_audio_pca10056/nrfx_gpiote.o
 .text.channel_handler_get
                0x00000000000021e4       0x18 Output/Debug/Obj/pwm_audio_pca10056/nrfx_gpiote.o
 .text.channel_port_alloc
                0x00000000000021fc       0x7c Output/Debug/Obj/pwm_audio_pca10056/nrfx_gpiote.o
 .text.channel_free
                0x0000000000002278       0x38 Output/Debug/Obj/pwm_audio_pca10056/nrfx_gpiote.o
 .text.nrfx_gpiote_init
                0x00000000000022b0       0xa4 Output/Debug/Obj/pwm_audio_pca10056/nrfx_gpiote.o
                0x00000000000022b0                nrfx_gpiote_init
 .text.nrfx_gpiote_is_init
                0x0000000000002354       0x18 Output/Debug/Obj/pwm_audio_pca10056/nrfx_gpiote.o
                0x0000000000002354                nrfx_gpiote_is_init
 .text.nrfx_gpiote_in_init
                0x000000000000236c       0xf4 Output/Debug/Obj/pwm_audio_pca10056/nrfx_gpiote.o
                0x000000000000236c                nrfx_gpiote_in_init
 .text.nrfx_gpiote_in_event_enable
                0x0000000000002460      0x110 Output/Debug/Obj/pwm_audio_pca10056/nrfx_gpiote.o
                0x0000000000002460                nrfx_gpiote_in_event_enable
 .text.nrfx_gpiote_in_is_set
                0x0000000000002570       0x34 Output/Debug/Obj/pwm_audio_pca10056/nrfx_gpiote.o
                0x0000000000002570                nrfx_gpiote_in_is_set
 .text.GPIOTE_IRQHandler
                0x00000000000025a4      0x2e8 Output/Debug/Obj/pwm_audio_pca10056/nrfx_gpiote.o
                0x00000000000025a4                GPIOTE_IRQHandler
 .text.NVIC_EnableIRQ
                0x000000000000288c       0x2c Output/Debug/Obj/pwm_audio_pca10056/nrfx_pwm.o
 .text.NVIC_DisableIRQ
                0x00000000000028b8       0x30 Output/Debug/Obj/pwm_audio_pca10056/nrfx_pwm.o
 .text.NVIC_SetPriority
                0x00000000000028e8       0x50 Output/Debug/Obj/pwm_audio_pca10056/nrfx_pwm.o
 .text.nrfx_is_in_ram
                0x0000000000002938       0x1c Output/Debug/Obj/pwm_audio_pca10056/nrfx_pwm.o
 .text.nrfx_get_irq_number
                0x0000000000002954       0x10 Output/Debug/Obj/pwm_audio_pca10056/nrfx_pwm.o
 .text._NRFX_IRQ_PRIORITY_SET
                0x0000000000002964       0x40 Output/Debug/Obj/pwm_audio_pca10056/nrfx_pwm.o
 .text._NRFX_IRQ_ENABLE
                0x00000000000029a4       0x1c Output/Debug/Obj/pwm_audio_pca10056/nrfx_pwm.o
 .text._NRFX_IRQ_DISABLE
                0x00000000000029c0       0x1c Output/Debug/Obj/pwm_audio_pca10056/nrfx_pwm.o
 .text.nrf_pwm_task_trigger
                0x00000000000029dc       0x1c Output/Debug/Obj/pwm_audio_pca10056/nrfx_pwm.o
 .text.nrf_pwm_task_address_get
                0x00000000000029f8       0x18 Output/Debug/Obj/pwm_audio_pca10056/nrfx_pwm.o
 .text.nrf_pwm_event_clear
                0x0000000000002a10       0x2a Output/Debug/Obj/pwm_audio_pca10056/nrfx_pwm.o
 .text.nrf_pwm_event_check
                0x0000000000002a3a       0x24 Output/Debug/Obj/pwm_audio_pca10056/nrfx_pwm.o
 .text.nrf_pwm_shorts_set
                0x0000000000002a5e       0x14 Output/Debug/Obj/pwm_audio_pca10056/nrfx_pwm.o
 .text.nrf_pwm_int_set
                0x0000000000002a72       0x14 Output/Debug/Obj/pwm_audio_pca10056/nrfx_pwm.o
 .text.nrf_pwm_enable
                0x0000000000002a86       0x12 Output/Debug/Obj/pwm_audio_pca10056/nrfx_pwm.o
 .text.nrf_pwm_disable
                0x0000000000002a98       0x12 Output/Debug/Obj/pwm_audio_pca10056/nrfx_pwm.o
 .text.nrf_pwm_pins_set
                0x0000000000002aaa       0x42 Output/Debug/Obj/pwm_audio_pca10056/nrfx_pwm.o
 .text.nrf_pwm_configure
                0x0000000000002aec       0x5c Output/Debug/Obj/pwm_audio_pca10056/nrfx_pwm.o
 .text.nrf_pwm_sequence_set
                0x0000000000002b48       0x6c Output/Debug/Obj/pwm_audio_pca10056/nrfx_pwm.o
 .text.nrf_pwm_seq_ptr_set
                0x0000000000002bb4       0x4c Output/Debug/Obj/pwm_audio_pca10056/nrfx_pwm.o
 .text.nrf_pwm_seq_cnt_set
                0x0000000000002c00       0x68 Output/Debug/Obj/pwm_audio_pca10056/nrfx_pwm.o
 .text.nrf_pwm_seq_refresh_set
                0x0000000000002c68       0x50 Output/Debug/Obj/pwm_audio_pca10056/nrfx_pwm.o
 .text.nrf_pwm_seq_end_delay_set
                0x0000000000002cb8       0x50 Output/Debug/Obj/pwm_audio_pca10056/nrfx_pwm.o
 .text.nrf_pwm_decoder_set
                0x0000000000002d08       0x28 Output/Debug/Obj/pwm_audio_pca10056/nrfx_pwm.o
 .text.nrf_pwm_loop_set
                0x0000000000002d30       0x1a Output/Debug/Obj/pwm_audio_pca10056/nrfx_pwm.o
 *fill*         0x0000000000002d4a        0x2 
 .text.nrf_gpio_pin_port_decode
                0x0000000000002d4c       0x44 Output/Debug/Obj/pwm_audio_pca10056/nrfx_pwm.o
 .text.nrf_gpio_cfg
                0x0000000000002d90       0x62 Output/Debug/Obj/pwm_audio_pca10056/nrfx_pwm.o
 .text.nrf_gpio_cfg_output
                0x0000000000002df2       0x22 Output/Debug/Obj/pwm_audio_pca10056/nrfx_pwm.o
 .text.nrf_gpio_pin_set
                0x0000000000002e14       0x28 Output/Debug/Obj/pwm_audio_pca10056/nrfx_pwm.o
 .text.nrf_gpio_pin_clear
                0x0000000000002e3c       0x28 Output/Debug/Obj/pwm_audio_pca10056/nrfx_pwm.o
 .text.nrf_gpio_port_out_set
                0x0000000000002e64       0x14 Output/Debug/Obj/pwm_audio_pca10056/nrfx_pwm.o
 .text.nrf_gpio_port_out_clear
                0x0000000000002e78       0x14 Output/Debug/Obj/pwm_audio_pca10056/nrfx_pwm.o
 .text.configure_pins
                0x0000000000002e8c       0xd0 Output/Debug/Obj/pwm_audio_pca10056/nrfx_pwm.o
 .text.nrfx_pwm_init
                0x0000000000002f5c      0x114 Output/Debug/Obj/pwm_audio_pca10056/nrfx_pwm.o
                0x0000000000002f5c                nrfx_pwm_init
 .text.nrfx_pwm_uninit
                0x0000000000003070       0x58 Output/Debug/Obj/pwm_audio_pca10056/nrfx_pwm.o
                0x0000000000003070                nrfx_pwm_uninit
 .text.start_playback
                0x00000000000030c8       0xc0 Output/Debug/Obj/pwm_audio_pca10056/nrfx_pwm.o
 .text.nrfx_pwm_complex_playback
                0x0000000000003188       0xf0 Output/Debug/Obj/pwm_audio_pca10056/nrfx_pwm.o
                0x0000000000003188                nrfx_pwm_complex_playback
 .text.nrfx_pwm_stop
                0x0000000000003278       0x80 Output/Debug/Obj/pwm_audio_pca10056/nrfx_pwm.o
                0x0000000000003278                nrfx_pwm_stop
 .text.nrfx_pwm_is_stopped
                0x00000000000032f8       0x70 Output/Debug/Obj/pwm_audio_pca10056/nrfx_pwm.o
                0x00000000000032f8                nrfx_pwm_is_stopped
 .text.irq_handler
                0x0000000000003368       0xe2 Output/Debug/Obj/pwm_audio_pca10056/nrfx_pwm.o
 *fill*         0x000000000000344a        0x2 
 .text.PWM0_IRQHandler
                0x000000000000344c       0x18 Output/Debug/Obj/pwm_audio_pca10056/nrfx_pwm.o
                0x000000000000344c                PWM0_IRQHandler
 .text.PWM1_IRQHandler
                0x0000000000003464       0x18 Output/Debug/Obj/pwm_audio_pca10056/nrfx_pwm.o
                0x0000000000003464                PWM1_IRQHandler
 .text.PWM2_IRQHandler
                0x000000000000347c       0x18 Output/Debug/Obj/pwm_audio_pca10056/nrfx_pwm.o
                0x000000000000347c                PWM2_IRQHandler
 .text.detection_delay_timeout_handler
                0x0000000000003494      0x190 Output/Debug/Obj/pwm_audio_pca10056/app_button.o
 .text.gpiote_event_handler
                0x0000000000003624      0x12c Output/Debug/Obj/pwm_audio_pca10056/app_button.o
 .text.app_button_init
                0x0000000000003750       0xf8 Output/Debug/Obj/pwm_audio_pca10056/app_button.o
                0x0000000000003750                app_button_init
 .text.app_button_enable
                0x0000000000003848       0x58 Output/Debug/Obj/pwm_audio_pca10056/app_button.o
                0x0000000000003848                app_button_enable
 .text.app_error_save_and_stop
                0x00000000000038a0       0x9c Output/Debug/Obj/pwm_audio_pca10056/app_error.o
                0x00000000000038a0                app_error_save_and_stop
 .text.app_error_handler
                0x000000000000393c       0x1c Output/Debug/Obj/pwm_audio_pca10056/app_error_handler_gcc.o
                0x000000000000393c                app_error_handler
 .text.app_error_fault_handler
                0x0000000000003958       0x54 Output/Debug/Obj/pwm_audio_pca10056/app_error_weak.o
                0x0000000000003958                app_error_fault_handler
 .text.NVIC_EnableIRQ
                0x00000000000039ac       0x2c Output/Debug/Obj/pwm_audio_pca10056/app_timer.o
 .text.NVIC_DisableIRQ
                0x00000000000039d8       0x30 Output/Debug/Obj/pwm_audio_pca10056/app_timer.o
 .text.NVIC_SetPendingIRQ
                0x0000000000003a08       0x30 Output/Debug/Obj/pwm_audio_pca10056/app_timer.o
 .text.NVIC_ClearPendingIRQ
                0x0000000000003a38       0x30 Output/Debug/Obj/pwm_audio_pca10056/app_timer.o
 .text.NVIC_SetPriority
                0x0000000000003a68       0x50 Output/Debug/Obj/pwm_audio_pca10056/app_timer.o
 .text.nrfx_coredep_delay_us
                0x0000000000003ab8       0x30 Output/Debug/Obj/pwm_audio_pca10056/app_timer.o
 .text.rtc1_init
                0x0000000000003ae8       0x24 Output/Debug/Obj/pwm_audio_pca10056/app_timer.o
 .text.rtc1_start
                0x0000000000003b0c       0x40 Output/Debug/Obj/pwm_audio_pca10056/app_timer.o
 .text.rtc1_stop
                0x0000000000003b4c       0x50 Output/Debug/Obj/pwm_audio_pca10056/app_timer.o
 .text.rtc1_counter_get
                0x0000000000003b9c       0x10 Output/Debug/Obj/pwm_audio_pca10056/app_timer.o
 .text.ticks_diff_get
                0x0000000000003bac       0x16 Output/Debug/Obj/pwm_audio_pca10056/app_timer.o
 *fill*         0x0000000000003bc2        0x2 
 .text.rtc1_compare0_set
                0x0000000000003bc4       0x18 Output/Debug/Obj/pwm_audio_pca10056/app_timer.o
 .text.timer_list_insert
                0x0000000000003bdc       0xac Output/Debug/Obj/pwm_audio_pca10056/app_timer.o
 .text.timer_list_remove
                0x0000000000003c88       0xc0 Output/Debug/Obj/pwm_audio_pca10056/app_timer.o
 .text.timer_timeouts_check_sched
                0x0000000000003d48        0xc Output/Debug/Obj/pwm_audio_pca10056/app_timer.o
 .text.timer_list_handler_sched
                0x0000000000003d54        0xc Output/Debug/Obj/pwm_audio_pca10056/app_timer.o
 .text.timeout_handler_exec
                0x0000000000003d60       0x1a Output/Debug/Obj/pwm_audio_pca10056/app_timer.o
 *fill*         0x0000000000003d7a        0x2 
 .text.timer_timeouts_check
                0x0000000000003d7c       0xc8 Output/Debug/Obj/pwm_audio_pca10056/app_timer.o
 .text.elapsed_ticks_acquire
                0x0000000000003e44       0x78 Output/Debug/Obj/pwm_audio_pca10056/app_timer.o
 .text.expired_timers_handler
                0x0000000000003ebc       0x94 Output/Debug/Obj/pwm_audio_pca10056/app_timer.o
 .text.list_insertions_handler
                0x0000000000003f50      0x1bc Output/Debug/Obj/pwm_audio_pca10056/app_timer.o
 .text.compare_reg_update
                0x000000000000410c       0xb0 Output/Debug/Obj/pwm_audio_pca10056/app_timer.o
 .text.timer_list_handler
                0x00000000000041bc       0x80 Output/Debug/Obj/pwm_audio_pca10056/app_timer.o
 .text.user_op_enque
                0x000000000000423c       0x1c Output/Debug/Obj/pwm_audio_pca10056/app_timer.o
 .text.user_op_alloc
                0x0000000000004258       0x5c Output/Debug/Obj/pwm_audio_pca10056/app_timer.o
 .text.timer_start_op_schedule
                0x00000000000042b4       0x7a Output/Debug/Obj/pwm_audio_pca10056/app_timer.o
 .text.timer_stop_op_schedule
                0x000000000000432e       0x60 Output/Debug/Obj/pwm_audio_pca10056/app_timer.o
 *fill*         0x000000000000438e        0x2 
 .text.RTC1_IRQHandler
                0x0000000000004390       0x40 Output/Debug/Obj/pwm_audio_pca10056/app_timer.o
                0x0000000000004390                RTC1_IRQHandler
 .text.SWI0_EGU0_IRQHandler
                0x00000000000043d0        0xa Output/Debug/Obj/pwm_audio_pca10056/app_timer.o
                0x00000000000043d0                SWI0_EGU0_IRQHandler
 *fill*         0x00000000000043da        0x2 
 .text.app_timer_init
                0x00000000000043dc       0x68 Output/Debug/Obj/pwm_audio_pca10056/app_timer.o
                0x00000000000043dc                app_timer_init
 .text.app_timer_create
                0x0000000000004444       0x60 Output/Debug/Obj/pwm_audio_pca10056/app_timer.o
                0x0000000000004444                app_timer_create
 .text.app_timer_start
                0x00000000000044a4       0x64 Output/Debug/Obj/pwm_audio_pca10056/app_timer.o
                0x00000000000044a4                app_timer_start
 .text.app_timer_stop
                0x0000000000004508       0x44 Output/Debug/Obj/pwm_audio_pca10056/app_timer.o
                0x0000000000004508                app_timer_stop
 .text.app_util_disable_irq
                0x000000000000454c       0x18 Output/Debug/Obj/pwm_audio_pca10056/app_util_platform.o
                0x000000000000454c                app_util_disable_irq
 .text.app_util_enable_irq
                0x0000000000004564       0x20 Output/Debug/Obj/pwm_audio_pca10056/app_util_platform.o
                0x0000000000004564                app_util_enable_irq
 .text.app_util_critical_region_enter
                0x0000000000004584       0x28 Output/Debug/Obj/pwm_audio_pca10056/app_util_platform.o
                0x0000000000004584                app_util_critical_region_enter
 .text.app_util_critical_region_exit
                0x00000000000045ac       0x2c Output/Debug/Obj/pwm_audio_pca10056/app_util_platform.o
                0x00000000000045ac                app_util_critical_region_exit
 .text.privilege_level_get
                0x00000000000045d8       0x3a Output/Debug/Obj/pwm_audio_pca10056/app_util_platform.o
                0x00000000000045d8                privilege_level_get
 .text.assert_nrf_callback
                0x0000000000004612       0x2e Output/Debug/Obj/pwm_audio_pca10056/nrf_assert.o
                0x0000000000004612                assert_nrf_callback
 .text.NVIC_SystemReset
                0x0000000000004640       0x2c Output/Debug/Obj/pwm_audio_pca10056/system_nrf52840.o
 .text.SystemCoreClockUpdate
                0x000000000000466c       0x14 Output/Debug/Obj/pwm_audio_pca10056/system_nrf52840.o
                0x000000000000466c                SystemCoreClockUpdate
 .text.SystemInit
                0x0000000000004680      0x254 Output/Debug/Obj/pwm_audio_pca10056/system_nrf52840.o
                0x0000000000004680                SystemInit
 .text.errata_36
                0x00000000000048d4       0x48 Output/Debug/Obj/pwm_audio_pca10056/system_nrf52840.o
 .text.errata_66
                0x000000000000491c       0x48 Output/Debug/Obj/pwm_audio_pca10056/system_nrf52840.o
 .text.errata_98
                0x0000000000004964       0x24 Output/Debug/Obj/pwm_audio_pca10056/system_nrf52840.o
 .text.errata_103
                0x0000000000004988       0x24 Output/Debug/Obj/pwm_audio_pca10056/system_nrf52840.o
 .text.errata_115
                0x00000000000049ac       0x24 Output/Debug/Obj/pwm_audio_pca10056/system_nrf52840.o
 .text.errata_120
                0x00000000000049d0       0x24 Output/Debug/Obj/pwm_audio_pca10056/system_nrf52840.o
 .text.errata_136
                0x00000000000049f4       0x48 Output/Debug/Obj/pwm_audio_pca10056/system_nrf52840.o
 .text.libc.__int64_udivmod
                0x0000000000004a3c       0xce C:/Program Files/SEGGER/SEGGER Embedded Studio for ARM 5.20a/lib/libc_v7em_fpv4_sp_d16_hard_t_le_eabi.a(libc_asm.o)
                0x0000000000004a3c                __aeabi_uldivmod
                0x0000000000004a3c                __int64_udiv
                0x0000000000004a3c                __udivdi3
                0x0000000000004a3c                __int64_udivmod
 .text.libc.memset
                0x0000000000004b0a       0x66 C:/Program Files/SEGGER/SEGGER Embedded Studio for ARM 5.20a/lib/libc_v7em_fpv4_sp_d16_hard_t_le_eabi.a(libc2_asm.o)
                0x0000000000004b0a                memset
                0x0000000000004b70                __text_end__ = (__text_start__ + SIZEOF (.text))
                0x000000000000479c                __text_size__ = SIZEOF (.text)
                0x0000000000004b70                __text_load_end__ = __text_end__

.vfp11_veneer   0x0000000100000000        0x0
 .vfp11_veneer  0x0000000100000000        0x0 linker stubs

.v4_bx          0x0000000100000000        0x0
 .v4_bx         0x0000000100000000        0x0 linker stubs

.iplt           0x0000000100000000        0x0
 .iplt          0x0000000100000000        0x0 Output/Debug/Obj/pwm_audio_pca10056/main.o
                0x0000000000000001                . = ASSERT (((__text_start__ == __text_end__) || ((__text_end__ - __FLASH_segment_start__) <= __FLASH_segment_size__)), error: .text is too large to fit in FLASH memory segment)
                0x0000000000004b70                __log_const_data_load_start__ = ALIGN (__text_end__, 0x4)

.log_const_data
                0x0000000000004b70        0x0
                0x0000000000004b70                __log_const_data_start__ = .
                0x0000000000004b70                __start_log_const_data = __log_const_data_start__
 *(SORT_BY_NAME(.log_const_data*))
                0x0000000000004b70                __log_const_data_end__ = (__log_const_data_start__ + SIZEOF (.log_const_data))
                0x0000000000000000                __log_const_data_size__ = SIZEOF (.log_const_data)
                0x0000000000004b70                __stop_log_const_data = __log_const_data_end__
                0x0000000000004b70                __log_const_data_load_end__ = __log_const_data_end__
                0x0000000000000001                . = ASSERT (((__log_const_data_start__ == __log_const_data_end__) || ((__log_const_data_end__ - __FLASH_segment_start__) <= __FLASH_segment_size__)), error: .log_const_data is too large to fit in FLASH memory segment)
                0x0000000000004b70                __log_backends_load_start__ = ALIGN (__log_const_data_end__, 0x4)

.log_backends   0x0000000000004b70        0x0
                0x0000000000004b70                __log_backends_start__ = .
                0x0000000000004b70                __start_log_backends = __log_backends_start__
 *(SORT_BY_NAME(.log_backends*))
                0x0000000000004b70                __log_backends_end__ = (__log_backends_start__ + SIZEOF (.log_backends))
                0x0000000000000000                __log_backends_size__ = SIZEOF (.log_backends)
                0x0000000000004b70                __stop_log_backends = __log_backends_end__
                0x0000000000004b70                __log_backends_load_end__ = __log_backends_end__
                0x0000000000000001                . = ASSERT (((__log_backends_start__ == __log_backends_end__) || ((__log_backends_end__ - __FLASH_segment_start__) <= __FLASH_segment_size__)), error: .log_backends is too large to fit in FLASH memory segment)
                0x0000000000004b70                __nrf_balloc_load_start__ = ALIGN (__log_backends_end__, 0x4)

.nrf_balloc     0x0000000000004b70        0x0
                0x0000000000004b70                __nrf_balloc_start__ = .
                0x0000000000004b70                __start_nrf_balloc = __nrf_balloc_start__
 *(.nrf_balloc*)
                0x0000000000004b70                __nrf_balloc_end__ = (__nrf_balloc_start__ + SIZEOF (.nrf_balloc))
                0x0000000000000000                __nrf_balloc_size__ = SIZEOF (.nrf_balloc)
                0x0000000000004b70                __stop_nrf_balloc = __nrf_balloc_end__
                0x0000000000004b70                __nrf_balloc_load_end__ = __nrf_balloc_end__
                0x0000000000000001                . = ASSERT (((__nrf_balloc_start__ == __nrf_balloc_end__) || ((__nrf_balloc_end__ - __FLASH_segment_start__) <= __FLASH_segment_size__)), error: .nrf_balloc is too large to fit in FLASH memory segment)
                0x0000000000004b70                __nrf_sections_load_start__ = ALIGN (__nrf_balloc_end__, 0x4)

.nrf_sections   0x0000000000004b70        0x0
                0x0000000000004b70                __nrf_sections_start__ = .
                0x0000000000004b70                __start_nrf_sections = __nrf_sections_start__
 *(.nrf_sections .nrf_sections.*)
                0x0000000000004b70                __nrf_sections_end__ = (__nrf_sections_start__ + SIZEOF (.nrf_sections))
                0x0000000000000000                __nrf_sections_size__ = SIZEOF (.nrf_sections)
                0x0000000000004b70                __nrf_sections_load_end__ = __nrf_sections_end__
                0x0000000000000001                . = ASSERT (((__nrf_sections_start__ == __nrf_sections_end__) || ((__nrf_sections_end__ - __FLASH_segment_start__) <= __FLASH_segment_size__)), error: .nrf_sections is too large to fit in FLASH memory segment)
                0x0000000000004b70                __log_dynamic_data_load_start__ = ALIGN (__nrf_sections_end__, 0x4)

.log_dynamic_data
                0x0000000020000000        0x0 load address 0x0000000000004b70
                0x0000000020000000                __log_dynamic_data_start__ = .
 *(SORT_BY_NAME(.log_dynamic_data*))
                0x0000000020000000                __log_dynamic_data_end__ = (__log_dynamic_data_start__ + SIZEOF (.log_dynamic_data))
                0x0000000000000000                __log_dynamic_data_size__ = SIZEOF (.log_dynamic_data)
                0x0000000000004b70                __log_dynamic_data_load_end__ = (__log_dynamic_data_load_start__ + SIZEOF (.log_dynamic_data))
                0x0000000000000001                . = ASSERT (((__log_dynamic_data_load_start__ == __log_dynamic_data_load_end__) || ((__log_dynamic_data_load_end__ - __FLASH_segment_start__) <= __FLASH_segment_size__)), error: .log_dynamic_data is too large to fit in FLASH memory segment)

.log_dynamic_data_run
                0x0000000020000000        0x0
                0x0000000020000000                __log_dynamic_data_run_start__ = .
                0x0000000020000000                __start_log_dynamic_data = __log_dynamic_data_run_start__
                0x0000000020000000                . = MAX ((__log_dynamic_data_run_start__ + SIZEOF (.log_dynamic_data)), .)
                0x0000000020000000                __log_dynamic_data_run_end__ = (__log_dynamic_data_run_start__ + SIZEOF (.log_dynamic_data_run))
                0x0000000000000000                __log_dynamic_data_run_size__ = SIZEOF (.log_dynamic_data_run)
                0x0000000020000000                __stop_log_dynamic_data = __log_dynamic_data_run_end__
                0x0000000020000000                __log_dynamic_data_run_load_end__ = __log_dynamic_data_run_end__
                0x0000000000000001                . = ASSERT (((__log_dynamic_data_run_start__ == __log_dynamic_data_run_end__) || ((__log_dynamic_data_run_end__ - __RAM_segment_start__) <= __RAM_segment_size__)), error: .log_dynamic_data_run is too large to fit in RAM memory segment)
                0x0000000000004b70                __log_filter_data_load_start__ = ALIGN ((__log_dynamic_data_load_start__ + SIZEOF (.log_dynamic_data)), 0x4)

.log_filter_data
                0x0000000020000000        0x0 load address 0x0000000000004b70
                0x0000000020000000                __log_filter_data_start__ = .
 *(SORT_BY_NAME(.log_filter_data*))
                0x0000000020000000                __log_filter_data_end__ = (__log_filter_data_start__ + SIZEOF (.log_filter_data))
                0x0000000000000000                __log_filter_data_size__ = SIZEOF (.log_filter_data)
                0x0000000000004b70                __log_filter_data_load_end__ = (__log_filter_data_load_start__ + SIZEOF (.log_filter_data))
                0x0000000000000001                . = ASSERT (((__log_filter_data_load_start__ == __log_filter_data_load_end__) || ((__log_filter_data_load_end__ - __FLASH_segment_start__) <= __FLASH_segment_size__)), error: .log_filter_data is too large to fit in FLASH memory segment)

.log_filter_data_run
                0x0000000020000000        0x0
                0x0000000020000000                __log_filter_data_run_start__ = .
                0x0000000020000000                __start_log_filter_data = __log_filter_data_run_start__
                0x0000000020000000                . = MAX ((__log_filter_data_run_start__ + SIZEOF (.log_filter_data)), .)
                0x0000000020000000                __log_filter_data_run_end__ = (__log_filter_data_run_start__ + SIZEOF (.log_filter_data_run))
                0x0000000000000000                __log_filter_data_run_size__ = SIZEOF (.log_filter_data_run)
                0x0000000020000000                __stop_log_filter_data = __log_filter_data_run_end__
                0x0000000020000000                __log_filter_data_run_load_end__ = __log_filter_data_run_end__
                0x0000000000000001                . = ASSERT (((__log_filter_data_run_start__ == __log_filter_data_run_end__) || ((__log_filter_data_run_end__ - __RAM_segment_start__) <= __RAM_segment_size__)), error: .log_filter_data_run is too large to fit in RAM memory segment)
                0x0000000020000000                __nrf_sections_run_end_load_start__ = ALIGN (__log_filter_data_run_end__, 0x4)

.nrf_sections_run_end
                0x0000000020000000        0x0
                0x0000000020000000                __nrf_sections_run_end_start__ = .
                0x0000000020000000                __end_nrf_sections_run = __nrf_sections_run_end_start__
 *(.nrf_sections_run_end .nrf_sections_run_end.*)
                0x0000000020000000                __nrf_sections_run_end_end__ = (__nrf_sections_run_end_start__ + SIZEOF (.nrf_sections_run_end))
                0x0000000000000000                __nrf_sections_run_end_size__ = SIZEOF (.nrf_sections_run_end)
                0x0000000020000000                __nrf_sections_run_end_load_end__ = __nrf_sections_run_end_end__
                0x0000000000000001                . = ASSERT (((__nrf_sections_run_end_start__ == __nrf_sections_run_end_end__) || ((__nrf_sections_run_end_end__ - __RAM_segment_start__) <= __RAM_segment_size__)), error: .nrf_sections_run_end is too large to fit in RAM memory segment)
                0x0000000000004b70                __dtors_load_start__ = ALIGN ((__log_filter_data_load_start__ + SIZEOF (.log_filter_data)), 0x4)

.dtors          0x0000000000004b70        0x0
                0x0000000000004b70                __dtors_start__ = .
 *(SORT_BY_NAME(.dtors.*))
 *(.dtors)
 *(.fini_array)
 *(SORT_BY_NAME(.fini_array.*))
                0x0000000000004b70                __dtors_end__ = (__dtors_start__ + SIZEOF (.dtors))
                0x0000000000000000                __dtors_size__ = SIZEOF (.dtors)
                0x0000000000004b70                __dtors_load_end__ = __dtors_end__
                0x0000000000000001                . = ASSERT (((__dtors_start__ == __dtors_end__) || ((__dtors_end__ - __FLASH_segment_start__) <= __FLASH_segment_size__)), error: .dtors is too large to fit in FLASH memory segment)
                0x0000000000004b70                __ctors_load_start__ = ALIGN (__dtors_end__, 0x4)

.ctors          0x0000000000004b70        0x0
                0x0000000000004b70                __ctors_start__ = .
 *(SORT_BY_NAME(.ctors.*))
 *(.ctors)
 *(.init_array)
 *(SORT_BY_NAME(.init_array.*))
                0x0000000000004b70                __ctors_end__ = (__ctors_start__ + SIZEOF (.ctors))
                0x0000000000000000                __ctors_size__ = SIZEOF (.ctors)
                0x0000000000004b70                __ctors_load_end__ = __ctors_end__
                0x0000000000000001                . = ASSERT (((__ctors_start__ == __ctors_end__) || ((__ctors_end__ - __FLASH_segment_start__) <= __FLASH_segment_size__)), error: .ctors is too large to fit in FLASH memory segment)
                0x0000000000004b70                __rodata_load_start__ = ALIGN (__ctors_end__, 0x4)

.rodata         0x0000000000004b70    0x710a0
                0x0000000000004b70                __rodata_start__ = .
 *(.rodata .rodata.* .gnu.linkonce.r.*)
 .rodata        0x0000000000004b70       0x32 Output/Debug/Obj/pwm_audio_pca10056/main.o
 *fill*         0x0000000000004ba2        0x2 
 .rodata        0x0000000000004ba4       0x2b Output/Debug/Obj/pwm_audio_pca10056/nrf_pwm_audio.o
 *fill*         0x0000000000004bcf        0x1 
 .rodata.intro_16K_raw
                0x0000000000004bd0     0x91fa Output/Debug/Obj/pwm_audio_pca10056/intro.o
                0x0000000000004bd0                intro_16K_raw
 *fill*         0x000000000000ddca        0x2 
 .rodata.sample1_8K_raw
                0x000000000000ddcc     0x27ba Output/Debug/Obj/pwm_audio_pca10056/sample1.o
                0x000000000000ddcc                sample1_8K_raw
 *fill*         0x0000000000010586        0x2 
 .rodata.sample2_16K_raw
                0x0000000000010588     0x4bd2 Output/Debug/Obj/pwm_audio_pca10056/sample2.o
                0x0000000000010588                sample2_16K_raw
 *fill*         0x000000000001515a        0x2 
 .rodata.sample3_31K_raw
                0x000000000001515c     0x880e Output/Debug/Obj/pwm_audio_pca10056/sample3.o
                0x000000000001515c                sample3_31K_raw
 *fill*         0x000000000001d96a        0x2 
 .rodata.song1_raw
                0x000000000001d96c    0x57e70 Output/Debug/Obj/pwm_audio_pca10056/song1.o
                0x000000000001d96c                song1_raw
 .rodata        0x00000000000757dc       0x81 Output/Debug/Obj/pwm_audio_pca10056/boards.o
 *fill*         0x000000000007585d        0x3 
 .rodata.m_board_led_list
                0x0000000000075860        0x4 Output/Debug/Obj/pwm_audio_pca10056/boards.o
 .rodata.m_board_btn_list
                0x0000000000075864        0x4 Output/Debug/Obj/pwm_audio_pca10056/boards.o
 .rodata.m_bsp_leds_tmr
                0x0000000000075868        0x4 Output/Debug/Obj/pwm_audio_pca10056/bsp.o
 .rodata.m_bsp_alert_tmr
                0x000000000007586c        0x4 Output/Debug/Obj/pwm_audio_pca10056/bsp.o
 .rodata.m_bsp_button_tmr
                0x0000000000075870        0x4 Output/Debug/Obj/pwm_audio_pca10056/bsp.o
 .rodata.app_buttons
                0x0000000000075874       0x20 Output/Debug/Obj/pwm_audio_pca10056/bsp.o
 .rodata        0x0000000000075894       0x62 Output/Debug/Obj/pwm_audio_pca10056/nrf_drv_clock.o
 *fill*         0x00000000000758f6        0x2 
 .rodata        0x00000000000758f8       0x8c Output/Debug/Obj/pwm_audio_pca10056/nrfx_clock.o
 .rodata        0x0000000000075984       0xc1 Output/Debug/Obj/pwm_audio_pca10056/nrfx_gpiote.o
 *fill*         0x0000000000075a45        0x3 
 .rodata        0x0000000000075a48       0xe2 Output/Debug/Obj/pwm_audio_pca10056/nrfx_pwm.o
 *fill*         0x0000000000075b2a        0x2 
 .rodata.m_detection_delay_timer_id
                0x0000000000075b2c        0x4 Output/Debug/Obj/pwm_audio_pca10056/app_button.o
 .rodata        0x0000000000075b30       0x63 Output/Debug/Obj/pwm_audio_pca10056/app_button.o
 *fill*         0x0000000000075b93        0xd 
 .rodata.delay_machine_code.8225
                0x0000000000075ba0        0x6 Output/Debug/Obj/pwm_audio_pca10056/app_timer.o
 *fill*         0x0000000000075ba6        0x2 
 .rodata        0x0000000000075ba8       0x68 Output/Debug/Obj/pwm_audio_pca10056/app_util_platform.o
                0x0000000000075c10                __rodata_end__ = (__rodata_start__ + SIZEOF (.rodata))
                0x00000000000710a0                __rodata_size__ = SIZEOF (.rodata)
                0x0000000000075c10                __rodata_load_end__ = __rodata_end__

.rel.dyn        0x0000000000075c10        0x0
 .rel.iplt      0x0000000000075c10        0x0 Output/Debug/Obj/pwm_audio_pca10056/main.o
                0x0000000000000001                . = ASSERT (((__rodata_start__ == __rodata_end__) || ((__rodata_end__ - __FLASH_segment_start__) <= __FLASH_segment_size__)), error: .rodata is too large to fit in FLASH memory segment)
                0x0000000000075c10                __ARM.exidx_load_start__ = ALIGN (__rodata_end__, 0x4)

.ARM.exidx      0x0000000000075c10        0x0
                0x0000000000075c10                __ARM.exidx_start__ = .
                0x0000000000075c10                __exidx_start = __ARM.exidx_start__
 *(.ARM.exidx .ARM.exidx.*)
                0x0000000000075c10                __ARM.exidx_end__ = (__ARM.exidx_start__ + SIZEOF (.ARM.exidx))
                0x0000000000000000                __ARM.exidx_size__ = SIZEOF (.ARM.exidx)
                0x0000000000075c10                __exidx_end = __ARM.exidx_end__
                0x0000000000075c10                __ARM.exidx_load_end__ = __ARM.exidx_end__
                0x0000000000000001                . = ASSERT (((__ARM.exidx_start__ == __ARM.exidx_end__) || ((__ARM.exidx_end__ - __FLASH_segment_start__) <= __FLASH_segment_size__)), error: .ARM.exidx is too large to fit in FLASH memory segment)
                0x0000000000075c10                __fast_load_start__ = ALIGN (__ARM.exidx_end__, 0x4)

.fast           0x0000000020000000        0x0 load address 0x0000000000075c10
                0x0000000020000000                __fast_start__ = .
 *(.fast .fast.*)
                0x0000000020000000                __fast_end__ = (__fast_start__ + SIZEOF (.fast))
                0x0000000000000000                __fast_size__ = SIZEOF (.fast)
                0x0000000000075c10                __fast_load_end__ = (__fast_load_start__ + SIZEOF (.fast))
                0x0000000000000001                . = ASSERT (((__fast_load_start__ == __fast_load_end__) || ((__fast_load_end__ - __FLASH_segment_start__) <= __FLASH_segment_size__)), error: .fast is too large to fit in FLASH memory segment)

.fast_run       0x0000000020000000        0x0
                0x0000000020000000                __fast_run_start__ = .
                0x0000000020000000                . = MAX ((__fast_run_start__ + SIZEOF (.fast)), .)
                0x0000000020000000                __fast_run_end__ = (__fast_run_start__ + SIZEOF (.fast_run))
                0x0000000000000000                __fast_run_size__ = SIZEOF (.fast_run)
                0x0000000020000000                __fast_run_load_end__ = __fast_run_end__
                0x0000000000000001                . = ASSERT (((__fast_run_start__ == __fast_run_end__) || ((__fast_run_end__ - __RAM_segment_start__) <= __RAM_segment_size__)), error: .fast_run is too large to fit in RAM memory segment)
                0x0000000000075c10                __data_load_start__ = ALIGN ((__fast_load_start__ + SIZEOF (.fast)), 0x4)

.data           0x0000000020000000       0x14 load address 0x0000000000075c10
                0x0000000020000000                __data_start__ = .
 *(.data .data.* .gnu.linkonce.d.*)
 .data.m_pwm    0x0000000020000000        0x8 Output/Debug/Obj/pwm_audio_pca10056/nrf_pwm_audio.o
 .data.m_upsample
                0x0000000020000008        0x1 Output/Debug/Obj/pwm_audio_pca10056/nrf_pwm_audio.o
 *fill*         0x0000000020000009        0x3 
 .data.m_gain   0x000000002000000c        0x4 Output/Debug/Obj/pwm_audio_pca10056/nrf_pwm_audio.o
 .data.SystemCoreClock
                0x0000000020000010        0x4 Output/Debug/Obj/pwm_audio_pca10056/system_nrf52840.o
                0x0000000020000010                SystemCoreClock
                0x0000000020000014                __data_end__ = (__data_start__ + SIZEOF (.data))
                0x0000000000000014                __data_size__ = SIZEOF (.data)
                0x0000000000075c24                __data_load_end__ = (__data_load_start__ + SIZEOF (.data))

.igot.plt       0x0000000100000000        0x0
 .igot.plt      0x0000000100000000        0x0 Output/Debug/Obj/pwm_audio_pca10056/main.o
                0x0000000000000001                . = ASSERT (((__data_load_start__ == __data_load_end__) || ((__data_load_end__ - __FLASH_segment_start__) <= __FLASH_segment_size__)), error: .data is too large to fit in FLASH memory segment)

.data_run       0x0000000020000000       0x14 load address 0x0000000000075c10
                0x0000000020000000                __data_run_start__ = .
                0x0000000020000014                . = MAX ((__data_run_start__ + SIZEOF (.data)), .)
 *fill*         0x0000000020000000       0x14 
                0x0000000020000014                __data_run_end__ = (__data_run_start__ + SIZEOF (.data_run))
                0x0000000000000014                __data_run_size__ = SIZEOF (.data_run)
                0x0000000020000014                __data_run_load_end__ = __data_run_end__
                0x0000000000000001                . = ASSERT (((__data_run_start__ == __data_run_end__) || ((__data_run_end__ - __RAM_segment_start__) <= __RAM_segment_size__)), error: .data_run is too large to fit in RAM memory segment)
                0x0000000000075c24                __tdata_load_start__ = ALIGN ((__data_load_start__ + SIZEOF (.data)), 0x4)

.tdata          0x0000000020000014        0x0 load address 0x0000000000075c24
                0x0000000020000014                __tdata_start__ = .
 *(.tdata .tdata.*)
                0x0000000020000014                __tdata_end__ = (__tdata_start__ + SIZEOF (.tdata))
                0x0000000000000000                __tdata_size__ = SIZEOF (.tdata)
                0x0000000000075c24                __tdata_load_end__ = (__tdata_load_start__ + SIZEOF (.tdata))
                0x0000000000075c24                __FLASH_segment_used_end__ = (ALIGN ((__data_load_start__ + SIZEOF (.data)), 0x4) + SIZEOF (.tdata))
                0x0000000000075c24                __FLASH_segment_used_size__ = (__FLASH_segment_used_end__ - __FLASH_segment_start__)
                0x0000000000000001                . = ASSERT (((__tdata_load_start__ == __tdata_load_end__) || ((__tdata_load_end__ - __FLASH_segment_start__) <= __FLASH_segment_size__)), error: .tdata is too large to fit in FLASH memory segment)

.tdata_run      0x0000000020000014        0x0
                0x0000000020000014                __tdata_run_start__ = .
                0x0000000020000014                . = MAX ((__tdata_run_start__ + SIZEOF (.tdata)), .)
                0x0000000020000014                __tdata_run_end__ = (__tdata_run_start__ + SIZEOF (.tdata_run))
                0x0000000000000000                __tdata_run_size__ = SIZEOF (.tdata_run)
                0x0000000020000014                __tdata_run_load_end__ = __tdata_run_end__
                0x0000000000000001                . = ASSERT (((__tdata_run_start__ == __tdata_run_end__) || ((__tdata_run_end__ - __RAM_segment_start__) <= __RAM_segment_size__)), error: .tdata_run is too large to fit in RAM memory segment)
                0x0000000020000014                __bss_load_start__ = ALIGN (__tdata_run_end__, 0x4)

.bss            0x0000000020000014      0xae0
                0x0000000020000014                __bss_start__ = .
 *(.bss .bss.* .gnu.linkonce.b.*)
 .bss.m_pwm_initialized
                0x0000000020000014        0x1 Output/Debug/Obj/pwm_audio_pca10056/nrf_pwm_audio.o
 .bss.m_pwm_playback_in_progress
                0x0000000020000015        0x1 Output/Debug/Obj/pwm_audio_pca10056/nrf_pwm_audio.o
 *fill*         0x0000000020000016        0x2 
 .bss.m_pwm_seqs
                0x0000000020000018       0x20 Output/Debug/Obj/pwm_audio_pca10056/nrf_pwm_audio.o
 .bss.m_seq_buf
                0x0000000020000038      0x800 Output/Debug/Obj/pwm_audio_pca10056/nrf_pwm_audio.o
 .bss.m_num_repeat
                0x0000000020000838        0x4 Output/Debug/Obj/pwm_audio_pca10056/nrf_pwm_audio.o
 .bss.m_num_repeat_left
                0x000000002000083c        0x4 Output/Debug/Obj/pwm_audio_pca10056/nrf_pwm_audio.o
 .bss.m_pcm_data
                0x0000000020000840        0x4 Output/Debug/Obj/pwm_audio_pca10056/nrf_pwm_audio.o
 .bss.m_pcm_data_length
                0x0000000020000844        0x4 Output/Debug/Obj/pwm_audio_pca10056/nrf_pwm_audio.o
 .bss.m_pcm_data_read_idx
                0x0000000020000848        0x4 Output/Debug/Obj/pwm_audio_pca10056/nrf_pwm_audio.o
 .bss.m_num_sample_left
                0x000000002000084c        0x4 Output/Debug/Obj/pwm_audio_pca10056/nrf_pwm_audio.o
 .bss.m_stable_state
                0x0000000020000850        0x1 Output/Debug/Obj/pwm_audio_pca10056/bsp.o
 .bss.m_leds_clear
                0x0000000020000851        0x1 Output/Debug/Obj/pwm_audio_pca10056/bsp.o
 *fill*         0x0000000020000852        0x2 
 .bss.m_indication_type
                0x0000000020000854        0x4 Output/Debug/Obj/pwm_audio_pca10056/bsp.o
 .bss.m_alert_on
                0x0000000020000858        0x1 Output/Debug/Obj/pwm_audio_pca10056/bsp.o
 *fill*         0x0000000020000859        0x3 
 .bss.m_bsp_leds_tmr_data
                0x000000002000085c       0x20 Output/Debug/Obj/pwm_audio_pca10056/bsp.o
 .bss.m_bsp_alert_tmr_data
                0x000000002000087c       0x20 Output/Debug/Obj/pwm_audio_pca10056/bsp.o
 .bss.m_registered_callback
                0x000000002000089c        0x4 Output/Debug/Obj/pwm_audio_pca10056/bsp.o
 .bss.m_events_list
                0x00000000200008a0        0xc Output/Debug/Obj/pwm_audio_pca10056/bsp.o
 .bss.m_bsp_button_tmr_data
                0x00000000200008ac       0x20 Output/Debug/Obj/pwm_audio_pca10056/bsp.o
 .bss.current_long_push_pin_no.8412
                0x00000000200008cc        0x1 Output/Debug/Obj/pwm_audio_pca10056/bsp.o
 *fill*         0x00000000200008cd        0x3 
 .bss.release_event_at_push.8413
                0x00000000200008d0        0x4 Output/Debug/Obj/pwm_audio_pca10056/bsp.o
 .bss.m_clock_cb
                0x00000000200008d4       0x14 Output/Debug/Obj/pwm_audio_pca10056/nrf_drv_clock.o
 .bss.m_clock_cb
                0x00000000200008e8        0x8 Output/Debug/Obj/pwm_audio_pca10056/nrfx_clock.o
 .bss.m_cb      0x00000000200008f0       0x6c Output/Debug/Obj/pwm_audio_pca10056/nrfx_gpiote.o
 .bss.m_cb      0x000000002000095c       0x18 Output/Debug/Obj/pwm_audio_pca10056/nrfx_pwm.o
 .bss.mp_buttons
                0x0000000020000974        0x4 Output/Debug/Obj/pwm_audio_pca10056/app_button.o
 .bss.m_button_count
                0x0000000020000978        0x1 Output/Debug/Obj/pwm_audio_pca10056/app_button.o
 *fill*         0x0000000020000979        0x3 
 .bss.m_detection_delay
                0x000000002000097c        0x4 Output/Debug/Obj/pwm_audio_pca10056/app_button.o
 .bss.m_detection_delay_timer_id_data
                0x0000000020000980       0x20 Output/Debug/Obj/pwm_audio_pca10056/app_button.o
 .bss.m_pin_state
                0x00000000200009a0        0x8 Output/Debug/Obj/pwm_audio_pca10056/app_button.o
 .bss.m_pin_transition
                0x00000000200009a8        0x8 Output/Debug/Obj/pwm_audio_pca10056/app_button.o
 .bss.m_error_data.7731
                0x00000000200009b0       0x20 Output/Debug/Obj/pwm_audio_pca10056/app_error.o
 .bss.m_op_queue
                0x00000000200009d0      0x10c Output/Debug/Obj/pwm_audio_pca10056/app_timer.o
 .bss.mp_timer_id_head
                0x0000000020000adc        0x4 Output/Debug/Obj/pwm_audio_pca10056/app_timer.o
 .bss.m_ticks_latest
                0x0000000020000ae0        0x4 Output/Debug/Obj/pwm_audio_pca10056/app_timer.o
 .bss.m_ticks_elapsed
                0x0000000020000ae4        0x8 Output/Debug/Obj/pwm_audio_pca10056/app_timer.o
 .bss.m_ticks_elapsed_q_read_ind
                0x0000000020000aec        0x1 Output/Debug/Obj/pwm_audio_pca10056/app_timer.o
 .bss.m_ticks_elapsed_q_write_ind
                0x0000000020000aed        0x1 Output/Debug/Obj/pwm_audio_pca10056/app_timer.o
 .bss.m_rtc1_running
                0x0000000020000aee        0x1 Output/Debug/Obj/pwm_audio_pca10056/app_timer.o
 .bss.m_rtc1_reset
                0x0000000020000aef        0x1 Output/Debug/Obj/pwm_audio_pca10056/app_timer.o
 .bss.m_in_critical_region
                0x0000000020000af0        0x4 Output/Debug/Obj/pwm_audio_pca10056/app_util_platform.o
 *(COMMON)
                0x0000000020000af4                __bss_end__ = (__bss_start__ + SIZEOF (.bss))
                0x0000000000000ae0                __bss_size__ = SIZEOF (.bss)
                0x0000000020000af4                __bss_load_end__ = __bss_end__
                0x0000000000000001                . = ASSERT (((__bss_start__ == __bss_end__) || ((__bss_end__ - __RAM_segment_start__) <= __RAM_segment_size__)), error: .bss is too large to fit in RAM memory segment)
                0x0000000020000af4                __tbss_load_start__ = ALIGN (__bss_end__, 0x4)

.tbss           0x0000000020000af4        0x0
                0x0000000020000af4                __tbss_start__ = .
 *(.tbss .tbss.*)
                0x0000000020000af4                __tbss_end__ = (__tbss_start__ + SIZEOF (.tbss))
                0x0000000000000000                __tbss_size__ = SIZEOF (.tbss)
                0x0000000020000af4                __tbss_load_end__ = __tbss_end__
                0x0000000000000001                . = ASSERT (((__tbss_start__ == __tbss_end__) || ((__tbss_end__ - __RAM_segment_start__) <= __RAM_segment_size__)), error: .tbss is too large to fit in RAM memory segment)
                0x0000000020000af4                __non_init_load_start__ = ALIGN (__tbss_end__, 0x4)

.non_init       0x0000000020000af4        0x0
                0x0000000020000af4                __non_init_start__ = .
 *(.non_init .non_init.*)
                0x0000000020000af4                __non_init_end__ = (__non_init_start__ + SIZEOF (.non_init))
                0x0000000000000000                __non_init_size__ = SIZEOF (.non_init)
                0x0000000020000af4                __non_init_load_end__ = __non_init_end__
                0x0000000000000001                . = ASSERT (((__non_init_start__ == __non_init_end__) || ((__non_init_end__ - __RAM_segment_start__) <= __RAM_segment_size__)), error: .non_init is too large to fit in RAM memory segment)
                0x0000000020000af4                __heap_load_start__ = ALIGN (__non_init_end__, 0x4)

.heap           0x0000000020000af4     0x2000
                0x0000000020000af4                __heap_start__ = .
 *(.heap .heap.*)
                0x0000000020002af4                . = ALIGN (MAX ((__heap_start__ + __HEAPSIZE__), .), 0x4)
 *fill*         0x0000000020000af4     0x2000 
                0x0000000020002af4                __heap_end__ = (__heap_start__ + SIZEOF (.heap))
                0x0000000000002000                __heap_size__ = SIZEOF (.heap)
                0x0000000020002af4                __heap_load_end__ = __heap_end__
                0x0000000000000001                . = ASSERT (((__heap_start__ == __heap_end__) || ((__heap_end__ - __RAM_segment_start__) <= __RAM_segment_size__)), error: .heap is too large to fit in RAM memory segment)
                0x000000002003e000                __stack_load_start__ = (__RAM_segment_start__ + (__RAM_segment_size__ - 0x2000))

.stack          0x000000002003e000     0x2000
                0x000000002003e000                __stack_start__ = .
                0x000000002003e000                __StackLimit = __stack_start__
 *(.stack .stack.*)
                0x0000000020040000                . = ALIGN (MAX ((__stack_start__ + __STACKSIZE__), .), 0x8)
 *fill*         0x000000002003e000     0x2000 
                0x0000000020040000                __stack_end__ = (__stack_start__ + SIZEOF (.stack))
                0x0000000000002000                __stack_size__ = SIZEOF (.stack)
                0x0000000020040000                __StackTop = __stack_end__
                0x0000000020040000                __stack_load_end__ = __stack_end__
                0x0000000000000001                . = ASSERT (((__stack_start__ == __stack_end__) || ((__stack_end__ - __RAM_segment_start__) <= __RAM_segment_size__)), error: .stack is too large to fit in RAM memory segment)
                0x0000000000000001                . = ASSERT ((__heap_end__ <= __stack_start__), error: section .heap overlaps absolute placed section .stack)
                0x0000000020040000                __stack_process_load_start__ = ALIGN (__stack_end__, 0x8)

.stack_process  0x0000000020040000        0x0
                0x0000000020040000                __stack_process_start__ = .
 *(.stack_process .stack_process.*)
                0x0000000020040000                . = ALIGN (MAX ((__stack_process_start__ + __STACKSIZE_PROCESS__), .), 0x8)
                0x0000000020040000                __stack_process_end__ = (__stack_process_start__ + SIZEOF (.stack_process))
                0x0000000000000000                __stack_process_size__ = SIZEOF (.stack_process)
                0x0000000020040000                __stack_process_load_end__ = __stack_process_end__
                0x0000000020040000                __RAM_segment_used_end__ = (ALIGN (__stack_end__, 0x8) + SIZEOF (.stack_process))
                0x0000000000040000                __RAM_segment_used_size__ = (__RAM_segment_used_end__ - __RAM_segment_start__)
                0x0000000000000001                . = ASSERT (((__stack_process_start__ == __stack_process_end__) || ((__stack_process_end__ - __RAM_segment_start__) <= __RAM_segment_size__)), error: .stack_process is too large to fit in RAM memory segment)
START GROUP
LOAD Output/Debug/Obj/pwm_audio_pca10056/main.o
LOAD Output/Debug/Obj/pwm_audio_pca10056/nrf_pwm_audio.o
LOAD Output/Debug/Obj/pwm_audio_pca10056/intro.o
LOAD Output/Debug/Obj/pwm_audio_pca10056/sample1.o
LOAD Output/Debug/Obj/pwm_audio_pca10056/sample2.o
LOAD Output/Debug/Obj/pwm_audio_pca10056/sample3.o
LOAD Output/Debug/Obj/pwm_audio_pca10056/song1.o
LOAD Output/Debug/Obj/pwm_audio_pca10056/boards.o
LOAD Output/Debug/Obj/pwm_audio_pca10056/bsp.o
LOAD Output/Debug/Obj/pwm_audio_pca10056/nrf_log_backend_rtt.o
LOAD Output/Debug/Obj/pwm_audio_pca10056/nrf_log_default_backends.o
LOAD Output/Debug/Obj/pwm_audio_pca10056/nrf_log_frontend.o
LOAD Output/Debug/Obj/pwm_audio_pca10056/nrf_log_str_formatter.o
LOAD Output/Debug/Obj/pwm_audio_pca10056/SEGGER_RTT.o
LOAD Output/Debug/Obj/pwm_audio_pca10056/SEGGER_RTT_Syscalls_SES.o
LOAD Output/Debug/Obj/pwm_audio_pca10056/SEGGER_RTT_printf.o
LOAD Output/Debug/Obj/pwm_audio_pca10056/nrf_drv_clock.o
LOAD Output/Debug/Obj/pwm_audio_pca10056/nrfx_clock.o
LOAD Output/Debug/Obj/pwm_audio_pca10056/nrfx_gpiote.o
LOAD Output/Debug/Obj/pwm_audio_pca10056/nrfx_pwm.o
LOAD Output/Debug/Obj/pwm_audio_pca10056/app_button.o
LOAD Output/Debug/Obj/pwm_audio_pca10056/app_error.o
LOAD Output/Debug/Obj/pwm_audio_pca10056/app_error_handler_gcc.o
LOAD Output/Debug/Obj/pwm_audio_pca10056/app_error_weak.o
LOAD Output/Debug/Obj/pwm_audio_pca10056/app_scheduler.o
LOAD Output/Debug/Obj/pwm_audio_pca10056/app_timer.o
LOAD Output/Debug/Obj/pwm_audio_pca10056/app_util_platform.o
LOAD Output/Debug/Obj/pwm_audio_pca10056/nrf_assert.o
LOAD Output/Debug/Obj/pwm_audio_pca10056/nrf_fprintf.o
LOAD Output/Debug/Obj/pwm_audio_pca10056/ses_startup_nrf52840.o
LOAD Output/Debug/Obj/pwm_audio_pca10056/ses_startup_nrf_common.o
LOAD Output/Debug/Obj/pwm_audio_pca10056/system_nrf52840.o
LOAD Output/Debug/Obj/pwm_audio_pca10056/thumb_crt0.o
LOAD C:/Program Files/SEGGER/SEGGER Embedded Studio for ARM 5.20a/lib/libm_v7em_fpv4_sp_d16_hard_t_le_eabi.a
LOAD C:/Program Files/SEGGER/SEGGER Embedded Studio for ARM 5.20a/lib/libc_v7em_fpv4_sp_d16_hard_t_le_eabi.a
LOAD C:/Program Files/SEGGER/SEGGER Embedded Studio for ARM 5.20a/lib/libdebugio_v7em_fpv4_sp_d16_hard_t_le_eabi.a
END GROUP
OUTPUT(Output/Debug/Exe/pwm_audio_pca10056.elf elf32-littlearm)
LOAD linker stubs

.debug_frame    0x0000000000000000     0x2968
 .debug_frame   0x0000000000000000       0x58 Output/Debug/Obj/pwm_audio_pca10056/main.o
 .debug_frame   0x0000000000000058      0x180 Output/Debug/Obj/pwm_audio_pca10056/nrf_pwm_audio.o
 .debug_frame   0x00000000000001d8      0x440 Output/Debug/Obj/pwm_audio_pca10056/boards.o
 .debug_frame   0x0000000000000618      0x2a8 Output/Debug/Obj/pwm_audio_pca10056/bsp.o
 .debug_frame   0x00000000000008c0      0x2d0 Output/Debug/Obj/pwm_audio_pca10056/nrf_drv_clock.o
 .debug_frame   0x0000000000000b90      0x3a8 Output/Debug/Obj/pwm_audio_pca10056/nrfx_clock.o
 .debug_frame   0x0000000000000f38      0xb60 Output/Debug/Obj/pwm_audio_pca10056/nrfx_gpiote.o
 .debug_frame   0x0000000000001a98      0x63c Output/Debug/Obj/pwm_audio_pca10056/nrfx_pwm.o
 .debug_frame   0x00000000000020d4      0x120 Output/Debug/Obj/pwm_audio_pca10056/app_button.o
 .debug_frame   0x00000000000021f4       0x58 Output/Debug/Obj/pwm_audio_pca10056/app_error.o
 .debug_frame   0x000000000000224c       0x20 Output/Debug/Obj/pwm_audio_pca10056/app_error_handler_gcc.o
 .debug_frame   0x000000000000226c       0x38 Output/Debug/Obj/pwm_audio_pca10056/app_error_weak.o
 .debug_frame   0x00000000000022a4      0x4e8 Output/Debug/Obj/pwm_audio_pca10056/app_timer.o
 .debug_frame   0x000000000000278c       0xe8 Output/Debug/Obj/pwm_audio_pca10056/app_util_platform.o
 .debug_frame   0x0000000000002874       0x38 Output/Debug/Obj/pwm_audio_pca10056/nrf_assert.o
 .debug_frame   0x00000000000028ac       0xbc Output/Debug/Obj/pwm_audio_pca10056/system_nrf52840.o

.debug_info     0x0000000000000000    0x11620
 .debug_info    0x0000000000000000      0xba0 Output/Debug/Obj/pwm_audio_pca10056/main.o
 .debug_info    0x0000000000000ba0     0x13e9 Output/Debug/Obj/pwm_audio_pca10056/nrf_pwm_audio.o
 .debug_info    0x0000000000001f89       0x7b Output/Debug/Obj/pwm_audio_pca10056/intro.o
 .debug_info    0x0000000000002004       0x7b Output/Debug/Obj/pwm_audio_pca10056/sample1.o
 .debug_info    0x000000000000207f       0x7b Output/Debug/Obj/pwm_audio_pca10056/sample2.o
 .debug_info    0x00000000000020fa       0x7b Output/Debug/Obj/pwm_audio_pca10056/sample3.o
 .debug_info    0x0000000000002175       0x7d Output/Debug/Obj/pwm_audio_pca10056/song1.o
 .debug_info    0x00000000000021f2      0xeb9 Output/Debug/Obj/pwm_audio_pca10056/boards.o
 .debug_info    0x00000000000030ab      0xfcc Output/Debug/Obj/pwm_audio_pca10056/bsp.o
 .debug_info    0x0000000000004077     0x1040 Output/Debug/Obj/pwm_audio_pca10056/nrf_drv_clock.o
 .debug_info    0x00000000000050b7     0x154f Output/Debug/Obj/pwm_audio_pca10056/nrfx_clock.o
 .debug_info    0x0000000000006606     0x26f4 Output/Debug/Obj/pwm_audio_pca10056/nrfx_gpiote.o
 .debug_info    0x0000000000008cfa     0x2289 Output/Debug/Obj/pwm_audio_pca10056/nrfx_pwm.o
 .debug_info    0x000000000000af83      0xb13 Output/Debug/Obj/pwm_audio_pca10056/app_button.o
 .debug_info    0x000000000000ba96      0x836 Output/Debug/Obj/pwm_audio_pca10056/app_error.o
 .debug_info    0x000000000000c2cc      0x6df Output/Debug/Obj/pwm_audio_pca10056/app_error_handler_gcc.o
 .debug_info    0x000000000000c9ab      0xaa6 Output/Debug/Obj/pwm_audio_pca10056/app_error_weak.o
 .debug_info    0x000000000000d451     0x1925 Output/Debug/Obj/pwm_audio_pca10056/app_timer.o
 .debug_info    0x000000000000ed76      0xcf8 Output/Debug/Obj/pwm_audio_pca10056/app_util_platform.o
 .debug_info    0x000000000000fa6e      0x6d5 Output/Debug/Obj/pwm_audio_pca10056/nrf_assert.o
 .debug_info    0x0000000000010143       0x26 Output/Debug/Obj/pwm_audio_pca10056/ses_startup_nrf52840.o
 .debug_info    0x0000000000010169       0x26 Output/Debug/Obj/pwm_audio_pca10056/ses_startup_nrf_common.o
 .debug_info    0x000000000001018f     0x146f Output/Debug/Obj/pwm_audio_pca10056/system_nrf52840.o
 .debug_info    0x00000000000115fe       0x22 Output/Debug/Obj/pwm_audio_pca10056/thumb_crt0.o

.debug_abbrev   0x0000000000000000     0x2b98
 .debug_abbrev  0x0000000000000000      0x1f3 Output/Debug/Obj/pwm_audio_pca10056/main.o
 .debug_abbrev  0x00000000000001f3      0x336 Output/Debug/Obj/pwm_audio_pca10056/nrf_pwm_audio.o
 .debug_abbrev  0x0000000000000529       0x4d Output/Debug/Obj/pwm_audio_pca10056/intro.o
 .debug_abbrev  0x0000000000000576       0x4d Output/Debug/Obj/pwm_audio_pca10056/sample1.o
 .debug_abbrev  0x00000000000005c3       0x4d Output/Debug/Obj/pwm_audio_pca10056/sample2.o
 .debug_abbrev  0x0000000000000610       0x4d Output/Debug/Obj/pwm_audio_pca10056/sample3.o
 .debug_abbrev  0x000000000000065d       0x4d Output/Debug/Obj/pwm_audio_pca10056/song1.o
 .debug_abbrev  0x00000000000006aa      0x2d5 Output/Debug/Obj/pwm_audio_pca10056/boards.o
 .debug_abbrev  0x000000000000097f      0x2e1 Output/Debug/Obj/pwm_audio_pca10056/bsp.o
 .debug_abbrev  0x0000000000000c60      0x35b Output/Debug/Obj/pwm_audio_pca10056/nrf_drv_clock.o
 .debug_abbrev  0x0000000000000fbb      0x365 Output/Debug/Obj/pwm_audio_pca10056/nrfx_clock.o
 .debug_abbrev  0x0000000000001320      0x3cf Output/Debug/Obj/pwm_audio_pca10056/nrfx_gpiote.o
 .debug_abbrev  0x00000000000016ef      0x38d Output/Debug/Obj/pwm_audio_pca10056/nrfx_pwm.o
 .debug_abbrev  0x0000000000001a7c      0x1fb Output/Debug/Obj/pwm_audio_pca10056/app_button.o
 .debug_abbrev  0x0000000000001c77      0x1ae Output/Debug/Obj/pwm_audio_pca10056/app_error.o
 .debug_abbrev  0x0000000000001e25      0x13b Output/Debug/Obj/pwm_audio_pca10056/app_error_handler_gcc.o
 .debug_abbrev  0x0000000000001f60      0x1e5 Output/Debug/Obj/pwm_audio_pca10056/app_error_weak.o
 .debug_abbrev  0x0000000000002145      0x3f3 Output/Debug/Obj/pwm_audio_pca10056/app_timer.o
 .debug_abbrev  0x0000000000002538      0x2bd Output/Debug/Obj/pwm_audio_pca10056/app_util_platform.o
 .debug_abbrev  0x00000000000027f5      0x14c Output/Debug/Obj/pwm_audio_pca10056/nrf_assert.o
 .debug_abbrev  0x0000000000002941       0x14 Output/Debug/Obj/pwm_audio_pca10056/ses_startup_nrf52840.o
 .debug_abbrev  0x0000000000002955       0x14 Output/Debug/Obj/pwm_audio_pca10056/ses_startup_nrf_common.o
 .debug_abbrev  0x0000000000002969      0x21d Output/Debug/Obj/pwm_audio_pca10056/system_nrf52840.o
 .debug_abbrev  0x0000000000002b86       0x12 Output/Debug/Obj/pwm_audio_pca10056/thumb_crt0.o

.debug_pubnames
                0x0000000000000000     0x522d
 .debug_pubnames
                0x0000000000000000      0x349 Output/Debug/Obj/pwm_audio_pca10056/main.o
 .debug_pubnames
                0x0000000000000349      0x69f Output/Debug/Obj/pwm_audio_pca10056/nrf_pwm_audio.o
 .debug_pubnames
                0x00000000000009e8       0x3b Output/Debug/Obj/pwm_audio_pca10056/intro.o
 .debug_pubnames
                0x0000000000000a23       0x3d Output/Debug/Obj/pwm_audio_pca10056/sample1.o
 .debug_pubnames
                0x0000000000000a60       0x3f Output/Debug/Obj/pwm_audio_pca10056/sample2.o
 .debug_pubnames
                0x0000000000000a9f       0x3f Output/Debug/Obj/pwm_audio_pca10056/sample3.o
 .debug_pubnames
                0x0000000000000ade       0x33 Output/Debug/Obj/pwm_audio_pca10056/song1.o
 .debug_pubnames
                0x0000000000000b11      0x4bd Output/Debug/Obj/pwm_audio_pca10056/boards.o
 .debug_pubnames
                0x0000000000000fce      0x879 Output/Debug/Obj/pwm_audio_pca10056/bsp.o
 .debug_pubnames
                0x0000000000001847      0x48e Output/Debug/Obj/pwm_audio_pca10056/nrf_drv_clock.o
 .debug_pubnames
                0x0000000000001cd5      0x64c Output/Debug/Obj/pwm_audio_pca10056/nrfx_clock.o
 .debug_pubnames
                0x0000000000002321     0x13d7 Output/Debug/Obj/pwm_audio_pca10056/nrfx_gpiote.o
 .debug_pubnames
                0x00000000000036f8      0xb13 Output/Debug/Obj/pwm_audio_pca10056/nrfx_pwm.o
 .debug_pubnames
                0x000000000000420b      0x279 Output/Debug/Obj/pwm_audio_pca10056/app_button.o
 .debug_pubnames
                0x0000000000004484       0x6c Output/Debug/Obj/pwm_audio_pca10056/app_error.o
 .debug_pubnames
                0x00000000000044f0       0x28 Output/Debug/Obj/pwm_audio_pca10056/app_error_handler_gcc.o
 .debug_pubnames
                0x0000000000004518       0xe5 Output/Debug/Obj/pwm_audio_pca10056/app_error_weak.o
 .debug_pubnames
                0x00000000000045fd      0x91a Output/Debug/Obj/pwm_audio_pca10056/app_timer.o
 .debug_pubnames
                0x0000000000004f17      0x204 Output/Debug/Obj/pwm_audio_pca10056/app_util_platform.o
 .debug_pubnames
                0x000000000000511b       0x2a Output/Debug/Obj/pwm_audio_pca10056/nrf_assert.o
 .debug_pubnames
                0x0000000000005145       0xe8 Output/Debug/Obj/pwm_audio_pca10056/system_nrf52840.o

.debug_pubtypes
                0x0000000000000000     0x2e14
 .debug_pubtypes
                0x0000000000000000      0x2bd Output/Debug/Obj/pwm_audio_pca10056/main.o
 .debug_pubtypes
                0x00000000000002bd      0x411 Output/Debug/Obj/pwm_audio_pca10056/nrf_pwm_audio.o
 .debug_pubtypes
                0x00000000000006ce       0x42 Output/Debug/Obj/pwm_audio_pca10056/intro.o
 .debug_pubtypes
                0x0000000000000710       0x42 Output/Debug/Obj/pwm_audio_pca10056/sample1.o
 .debug_pubtypes
                0x0000000000000752       0x42 Output/Debug/Obj/pwm_audio_pca10056/sample2.o
 .debug_pubtypes
                0x0000000000000794       0x42 Output/Debug/Obj/pwm_audio_pca10056/sample3.o
 .debug_pubtypes
                0x00000000000007d6       0x42 Output/Debug/Obj/pwm_audio_pca10056/song1.o
 .debug_pubtypes
                0x0000000000000818      0x24c Output/Debug/Obj/pwm_audio_pca10056/boards.o
 .debug_pubtypes
                0x0000000000000a64      0x2e2 Output/Debug/Obj/pwm_audio_pca10056/bsp.o
 .debug_pubtypes
                0x0000000000000d46      0x324 Output/Debug/Obj/pwm_audio_pca10056/nrf_drv_clock.o
 .debug_pubtypes
                0x000000000000106a      0x338 Output/Debug/Obj/pwm_audio_pca10056/nrfx_clock.o
 .debug_pubtypes
                0x00000000000013a2      0x42b Output/Debug/Obj/pwm_audio_pca10056/nrfx_gpiote.o
 .debug_pubtypes
                0x00000000000017cd      0x4e0 Output/Debug/Obj/pwm_audio_pca10056/nrfx_pwm.o
 .debug_pubtypes
                0x0000000000001cad      0x2ca Output/Debug/Obj/pwm_audio_pca10056/app_button.o
 .debug_pubtypes
                0x0000000000001f77      0x1e2 Output/Debug/Obj/pwm_audio_pca10056/app_error.o
 .debug_pubtypes
                0x0000000000002159      0x1b8 Output/Debug/Obj/pwm_audio_pca10056/app_error_handler_gcc.o
 .debug_pubtypes
                0x0000000000002311      0x2e3 Output/Debug/Obj/pwm_audio_pca10056/app_error_weak.o
 .debug_pubtypes
                0x00000000000025f4      0x2de Output/Debug/Obj/pwm_audio_pca10056/app_timer.o
 .debug_pubtypes
                0x00000000000028d2      0x1cf Output/Debug/Obj/pwm_audio_pca10056/app_util_platform.o
 .debug_pubtypes
                0x0000000000002aa1      0x1b8 Output/Debug/Obj/pwm_audio_pca10056/nrf_assert.o
 .debug_pubtypes
                0x0000000000002c59      0x1bb Output/Debug/Obj/pwm_audio_pca10056/system_nrf52840.o

.debug_aranges  0x0000000000000000      0xc40
 .debug_aranges
                0x0000000000000000       0x28 Output/Debug/Obj/pwm_audio_pca10056/main.o
 .debug_aranges
                0x0000000000000028       0x78 Output/Debug/Obj/pwm_audio_pca10056/nrf_pwm_audio.o
 .debug_aranges
                0x00000000000000a0       0x18 Output/Debug/Obj/pwm_audio_pca10056/intro.o
 .debug_aranges
                0x00000000000000b8       0x18 Output/Debug/Obj/pwm_audio_pca10056/sample1.o
 .debug_aranges
                0x00000000000000d0       0x18 Output/Debug/Obj/pwm_audio_pca10056/sample2.o
 .debug_aranges
                0x00000000000000e8       0x18 Output/Debug/Obj/pwm_audio_pca10056/sample3.o
 .debug_aranges
                0x0000000000000100       0x18 Output/Debug/Obj/pwm_audio_pca10056/song1.o
 .debug_aranges
                0x0000000000000118       0xf8 Output/Debug/Obj/pwm_audio_pca10056/boards.o
 .debug_aranges
                0x0000000000000210       0xa0 Output/Debug/Obj/pwm_audio_pca10056/bsp.o
 .debug_aranges
                0x00000000000002b0       0xd0 Output/Debug/Obj/pwm_audio_pca10056/nrf_drv_clock.o
 .debug_aranges
                0x0000000000000380      0x108 Output/Debug/Obj/pwm_audio_pca10056/nrfx_clock.o
 .debug_aranges
                0x0000000000000488      0x298 Output/Debug/Obj/pwm_audio_pca10056/nrfx_gpiote.o
 .debug_aranges
                0x0000000000000720      0x178 Output/Debug/Obj/pwm_audio_pca10056/nrfx_pwm.o
 .debug_aranges
                0x0000000000000898       0x48 Output/Debug/Obj/pwm_audio_pca10056/app_button.o
 .debug_aranges
                0x00000000000008e0       0x28 Output/Debug/Obj/pwm_audio_pca10056/app_error.o
 .debug_aranges
                0x0000000000000908       0x20 Output/Debug/Obj/pwm_audio_pca10056/app_error_handler_gcc.o
 .debug_aranges
                0x0000000000000928       0x20 Output/Debug/Obj/pwm_audio_pca10056/app_error_weak.o
 .debug_aranges
                0x0000000000000948      0x148 Output/Debug/Obj/pwm_audio_pca10056/app_timer.o
 .debug_aranges
                0x0000000000000a90       0x50 Output/Debug/Obj/pwm_audio_pca10056/app_util_platform.o
 .debug_aranges
                0x0000000000000ae0       0x20 Output/Debug/Obj/pwm_audio_pca10056/nrf_assert.o
 .debug_aranges
                0x0000000000000b00       0x20 Output/Debug/Obj/pwm_audio_pca10056/ses_startup_nrf52840.o
 .debug_aranges
                0x0000000000000b20       0x20 Output/Debug/Obj/pwm_audio_pca10056/ses_startup_nrf_common.o
 .debug_aranges
                0x0000000000000b40       0x68 Output/Debug/Obj/pwm_audio_pca10056/system_nrf52840.o
 .debug_aranges
                0x0000000000000ba8       0x98 Output/Debug/Obj/pwm_audio_pca10056/thumb_crt0.o

.debug_ranges   0x0000000000000000      0xa98
 .debug_ranges  0x0000000000000000       0x18 Output/Debug/Obj/pwm_audio_pca10056/main.o
 .debug_ranges  0x0000000000000018       0x68 Output/Debug/Obj/pwm_audio_pca10056/nrf_pwm_audio.o
 .debug_ranges  0x0000000000000080       0xe8 Output/Debug/Obj/pwm_audio_pca10056/boards.o
 .debug_ranges  0x0000000000000168       0x90 Output/Debug/Obj/pwm_audio_pca10056/bsp.o
 .debug_ranges  0x00000000000001f8       0xd8 Output/Debug/Obj/pwm_audio_pca10056/nrf_drv_clock.o
 .debug_ranges  0x00000000000002d0       0xf8 Output/Debug/Obj/pwm_audio_pca10056/nrfx_clock.o
 .debug_ranges  0x00000000000003c8      0x288 Output/Debug/Obj/pwm_audio_pca10056/nrfx_gpiote.o
 .debug_ranges  0x0000000000000650      0x168 Output/Debug/Obj/pwm_audio_pca10056/nrfx_pwm.o
 .debug_ranges  0x00000000000007b8       0x38 Output/Debug/Obj/pwm_audio_pca10056/app_button.o
 .debug_ranges  0x00000000000007f0       0x18 Output/Debug/Obj/pwm_audio_pca10056/app_error.o
 .debug_ranges  0x0000000000000808       0x10 Output/Debug/Obj/pwm_audio_pca10056/app_error_handler_gcc.o
 .debug_ranges  0x0000000000000818       0x10 Output/Debug/Obj/pwm_audio_pca10056/app_error_weak.o
 .debug_ranges  0x0000000000000828      0x138 Output/Debug/Obj/pwm_audio_pca10056/app_timer.o
 .debug_ranges  0x0000000000000960       0x40 Output/Debug/Obj/pwm_audio_pca10056/app_util_platform.o
 .debug_ranges  0x00000000000009a0       0x10 Output/Debug/Obj/pwm_audio_pca10056/nrf_assert.o
 .debug_ranges  0x00000000000009b0       0x58 Output/Debug/Obj/pwm_audio_pca10056/system_nrf52840.o
 .debug_ranges  0x0000000000000a08       0x90 Output/Debug/Obj/pwm_audio_pca10056/thumb_crt0.o

.debug_macro    0x0000000000000000    0x18801
 .debug_macro   0x0000000000000000      0x35b Output/Debug/Obj/pwm_audio_pca10056/main.o
 .debug_macro   0x000000000000035b      0xaea Output/Debug/Obj/pwm_audio_pca10056/main.o
 .debug_macro   0x0000000000000e45       0x89 Output/Debug/Obj/pwm_audio_pca10056/main.o
 .debug_macro   0x0000000000000ece       0x78 Output/Debug/Obj/pwm_audio_pca10056/main.o
 .debug_macro   0x0000000000000f46      0x9da Output/Debug/Obj/pwm_audio_pca10056/main.o
 .debug_macro   0x0000000000001920      0x1a3 Output/Debug/Obj/pwm_audio_pca10056/main.o
 .debug_macro   0x0000000000001ac3       0x16 Output/Debug/Obj/pwm_audio_pca10056/main.o
 .debug_macro   0x0000000000001ad9       0x22 Output/Debug/Obj/pwm_audio_pca10056/main.o
 .debug_macro   0x0000000000001afb       0x22 Output/Debug/Obj/pwm_audio_pca10056/main.o
 .debug_macro   0x0000000000001b1d       0x3b Output/Debug/Obj/pwm_audio_pca10056/main.o
 .debug_macro   0x0000000000001b58       0x3b Output/Debug/Obj/pwm_audio_pca10056/main.o
 .debug_macro   0x0000000000001b93       0x50 Output/Debug/Obj/pwm_audio_pca10056/main.o
 .debug_macro   0x0000000000001be3      0xe66 Output/Debug/Obj/pwm_audio_pca10056/main.o
 .debug_macro   0x0000000000002a49      0x402 Output/Debug/Obj/pwm_audio_pca10056/main.o
 .debug_macro   0x0000000000002e4b    0x10c7a Output/Debug/Obj/pwm_audio_pca10056/main.o
 .debug_macro   0x0000000000013ac5      0xa65 Output/Debug/Obj/pwm_audio_pca10056/main.o
 .debug_macro   0x000000000001452a       0x96 Output/Debug/Obj/pwm_audio_pca10056/main.o
 .debug_macro   0x00000000000145c0       0x26 Output/Debug/Obj/pwm_audio_pca10056/main.o
 .debug_macro   0x00000000000145e6      0x429 Output/Debug/Obj/pwm_audio_pca10056/main.o
 .debug_macro   0x0000000000014a0f       0x52 Output/Debug/Obj/pwm_audio_pca10056/main.o
 .debug_macro   0x0000000000014a61      0x313 Output/Debug/Obj/pwm_audio_pca10056/main.o
 .debug_macro   0x0000000000014d74      0x148 Output/Debug/Obj/pwm_audio_pca10056/main.o
 .debug_macro   0x0000000000014ebc       0x16 Output/Debug/Obj/pwm_audio_pca10056/main.o
 .debug_macro   0x0000000000014ed2      0x16d Output/Debug/Obj/pwm_audio_pca10056/main.o
 .debug_macro   0x000000000001503f      0x7ca Output/Debug/Obj/pwm_audio_pca10056/main.o
 .debug_macro   0x0000000000015809       0x3f Output/Debug/Obj/pwm_audio_pca10056/main.o
 .debug_macro   0x0000000000015848       0x8e Output/Debug/Obj/pwm_audio_pca10056/main.o
 .debug_macro   0x00000000000158d6       0xa7 Output/Debug/Obj/pwm_audio_pca10056/main.o
 .debug_macro   0x000000000001597d       0x49 Output/Debug/Obj/pwm_audio_pca10056/main.o
 .debug_macro   0x00000000000159c6       0x8c Output/Debug/Obj/pwm_audio_pca10056/main.o
 .debug_macro   0x0000000000015a52       0x19 Output/Debug/Obj/pwm_audio_pca10056/main.o
 .debug_macro   0x0000000000015a6b       0x1d Output/Debug/Obj/pwm_audio_pca10056/main.o
 .debug_macro   0x0000000000015a88       0x35 Output/Debug/Obj/pwm_audio_pca10056/main.o
 .debug_macro   0x0000000000015abd       0x7b Output/Debug/Obj/pwm_audio_pca10056/main.o
 .debug_macro   0x0000000000015b38       0x64 Output/Debug/Obj/pwm_audio_pca10056/main.o
 .debug_macro   0x0000000000015b9c       0x20 Output/Debug/Obj/pwm_audio_pca10056/main.o
 .debug_macro   0x0000000000015bbc       0x1d Output/Debug/Obj/pwm_audio_pca10056/main.o
 .debug_macro   0x0000000000015bd9       0x1c Output/Debug/Obj/pwm_audio_pca10056/main.o
 .debug_macro   0x0000000000015bf5       0x16 Output/Debug/Obj/pwm_audio_pca10056/main.o
 .debug_macro   0x0000000000015c0b       0x3c Output/Debug/Obj/pwm_audio_pca10056/main.o
 .debug_macro   0x0000000000015c47       0x22 Output/Debug/Obj/pwm_audio_pca10056/main.o
 .debug_macro   0x0000000000015c69       0x10 Output/Debug/Obj/pwm_audio_pca10056/main.o